00000144 A num_got_entries
bc000000 T _start
bc000400 t reset
bc000684 t CPLL_READY
bc0006e8 t CPLL_DONE
bc000728 t LDO_1P8V
bc000740 t LDO_2P5V
bc000754 t DDRLDO_SOFT_START
bc000774 t LDO_DELAY
bc000798 t SET_RG_BUCK_FPWM
bc0007ac t DDR_PAD_CFG
bc00083c t MT7628_KN_PAD
bc000860 t MT7628_AN_DDR1_PAD
bc0008a4 t MT7628_AN_DDR2_PAD
bc0008d0 t SET_PAD_CFG
bc000948 t DDR_READY
bc000b0c t SDRAM_INIT_DOWN
bc000b14 t tRFCinit
bc000b88 T relocate_code
bc000bec t in_ram
bc000c4c t romReserved
bc000c50 t romExcHandle
bc000c54 T init_cpu_pll
bc000dac t CPLL_EXIT
bc000db0 T SDR_CFG0_TBL
bc000dd0 T SDR_CFG1_TBL
bc000df0 T DDR1_CFG0_TBL
bc000e18 T DDR1_CFG1_TBL
bc000e40 t DDR1_CFG2_TBL
bc000e68 t DDR1_CFG3_TBL
bc000e90 t DDR1_CFG4_TBL
bc000eb8 T DDR2_CFG0_TBL
bc000ed8 T DDR2_CFG1_TBL
bc000ef8 t DDR2_CFG2_TBL
bc000f18 t DDR2_CFG3_TBL
bc000f38 t DDR2_CFG4_TBL
bc000f58 T lock_dcache
bc000fb4 T unlock_dcache
bc00100c T fill_icache
bc001050 T sbrk
bc0010a0 T board_init_f
bc00137c T OperationSelect
bc00143c T tftp_config
bc001910 T trigger_hw_reset
bc001918 T config_usb_ehciohci
bc001950 T disable_pcie
bc001988 T board_init_r
bc002694 T hang
bc0026c4 T rw_rf_reg
bc0027c0 T do_rw_rf
bc002900 T dram_cali
bc003a70 t mips_count_get
bc003a78 T timer_init
bc003a8c T get_timer
bc003ad0 T udelay
bc003b60 T mdelay
bc003bb0 T NetSetEther
bc003c30 T ArpRequest
bc003d9c t startAgainTimeout
bc003db8 t startAgainHandler
bc003dc0 T NetSetTimeout
bc003e24 T NetSetHandler
bc003e3c T NetStartAgain
bc003f30 T ArpTimeoutCheck
bc004000 T NetSendPacket
bc004018 T NetCksum
bc004060 T NetSetIP
bc0041d4 T NetSendUDPPacket
bc0043a0 T NetCksumOk
bc0043e0 T NetEthHdrSize
bc0043e8 T copy_filename
bc00445c T NetSendHttpd
bc0044f4 T NetReceiveHttpd
bc0045d8 T NetReceive
bc004be8 T ip_to_string
bc004c68 T string_to_ip
bc004d2c T getenv_IPaddr
bc004d68 T NetLoopHttpd
bc005244 T NetLoop
bc0056f0 T print_IPaddr
bc005740 T TftpSend
bc005960 t TftpHandler
bc005d44 t TftpTimeout
bc005e20 T TftpStart
bc0060d0 T eth_parse_enetaddr
bc006170 T eth_register
bc0061dc T eth_initialize
bc006414 T eth_try_another
bc00644c T eth_init
bc0064fc T eth_halt
bc006554 T eth_send
bc00658c T eth_rx
bc0065c0 T upgrade_filecheck
bc00661c T HttpdHandler
bc0066dc T HttpdStart
bc006718 T tpFirmwareRecovery
bc006834 T do_http_upgrade
bc0068c8 T do_http_progress
bc006980 T START_ETH
bc0069e0 T STOP_ETH
bc006a48 T rt2880_free_buf_entry_dequeue
bc006a7c t rt2880_free_buf_entry_enqueue
bc006afc T rt2880_eth_initialize
bc006d4c T LANWANPartition
bc006d54 T isDMABusy
bc006dc4 t rt2880_eth_init
bc0070e0 T enableEthForward
bc007114 T disableEthForward
bc007144 T mt7628_ephy_init
bc007400 T rt305x_esw_init
bc007540 t rt2880_eth_send
bc007740 t rt2880_eth_recv
bc00792c T rt2880_eth_halt
bc007944 t delete_char
bc007a9c T readline
bc007d80 T input_value
bc007e10 T enable_mdio
bc007e18 T mii_mgr_read
bc007f64 T mii_mgr_write
bc0080ac T dump_phy_reg
bc008260 T rt2880_mdio_access
bc008710 t bbu_spic_busy_wait
bc0087a4 T spic_init
bc0087ac t bbu_mb_spic_trans
bc008af0 t bbu_spic_trans
bc008e30 t raspi_read_rg
bc008e80 t raspi_read_sr
bc008ea0 t raspi_write_rg
bc008ef4 t raspi_write_sr
bc008f14 t raspi_read_devid
bc008fb0 t raspi_wait_ready
bc0090b4 t raspi_4byte_mode
bc0092c0 T chip_prob
bc009400 T raspi_init
bc009448 T raspi_erase
bc009658 T raspi_read
bc0097dc T raspi_write
bc009b18 T raspi_erase_write
bc009f08 T do_mem_cp
bc00a110 T do_flerase
bc00a524 T ralink_spi_command
bc00ab30 T run_command
bc00b034 T main_loop
bc00b170 T do_go
bc00b250 T fake_image_header
bc00b398 T do_bootm
bc00b5e8 T print_image_hdr
bc00b9a0 T do_coninfo
bc00bae0 T send_pad
bc00bb38 T ktrans
bc00bb74 T chk1
bc00bbac T s1_sendpacket
bc00bc0c T send_ack
bc00bc98 T send_nack
bc00bd24 t bin_data_init
bc00bd54 t bin_data_char
bc00bda0 T k_data_init
bc00bdc0 T k_data_save
bc00be10 T k_data_restore
bc00be60 T k_data_char
bc00bf04 T handle_send_packet
bc00c164 T do_load_serial_bin
bc00c7b0 T do_httpd
bc00c7c8 t netboot_common
bc00cbf8 T do_rarpb
bc00cc18 T do_tftpb
bc00cc38 T do_bootp
bc00cc60 T cmd_get_data_size
bc00cd18 T do_mem_md
bc00cfe8 T do_mem_base
bc00d054 T do_mem_loop
bc00d1dc T do_mem_mtest
bc00d3a0 t mod_mem
bc00d5ac T do_mem_nm
bc00d5f4 T do_mem_mm
bc00d63c T do_mem_crc
bc00d770 t envmatch
bc00d814 T do_printenv
bc00da84 T _do_setenv
bc00e174 T setenv
bc00e1c8 T do_setenv
bc00e23c T getenv
bc00e314 T do_saveenv
bc00e370 T do_version
bc00e3b0 T find_cmd
bc00e4d0 T do_help
bc00e760 t console_setfile
bc00e848 T serial_printf
bc00e8a0 T fgetc
bc00e8d8 T ftstc
bc00e910 T fputc
bc00e954 T fputs
bc00e994 T fprintf
bc00e9f4 T getc
bc00ea34 T tstc
bc00ea74 T putc
bc00eabc T puts
bc00eafc T printf
bc00eb54 T vprintf
bc00eba0 T ctrlc
bc00ec24 T disable_ctrlc
bc00ec40 T had_ctrlc
bc00ec58 T clear_ctrlc
bc00ec70 T dbg
bc00ec80 T console_assign
bc00ed9c T console_init_f
bc00edac T console_init_r
bc00ef20 T device_register
bc00ef64 T devices_init
bc00f060 T devices_done
bc00f0a0 T malloc_bin_reloc
bc00f0e0 t do_check_chunk
bc00f0e8 t do_check_free_chunk
bc00f0f0 t do_check_inuse_chunk
bc00f0f8 t do_check_malloced_chunk
bc00f100 T malloc_trim
bc00f228 T free
bc00f49c T malloc
bc00fbe8 T realloc
bc01015c T memalign
bc0102f4 T valloc
bc010310 T pvalloc
bc010334 T calloc
bc010448 T cfree
bc010460 T malloc_usable_size
bc0104b8 T mallopt
bc010550 T env_crc_update
bc0105a0 t env_get_char_init
bc0105ec T env_get_char_memory
bc010620 T env_get_addr
bc010650 T env_relocate
bc010740 t dummy
bc010748 T get_version
bc010750 T jumptable_init
bc0107f0 T NewHandle
bc01089c T DisposeHandle
bc0108f8 T GetHandleSize
bc010900 T SetHandleSize
bc0109c8 T ListCreate
bc010a38 T ListDispose
bc010a50 T ListInsertItems
bc010c9c T ListInsertItem
bc010cb4 T ListGetPtrToItem
bc010cf4 T ListNumItems
bc010d00 T env_get_char_spec
bc010d10 T env_init
bc010d34 T spi_env_init
bc010d64 T saveenv
bc010d6c T env_relocate_spec
bc010d80 T env_size
bc010d84 T environment
bc011d90 T crc32
bc011fb0 T display_options
bc011ff0 T print_size
bc012100 T strchr
bc01213c T strlen
bc012160 T strrchr
bc0121d8 T strnlen
bc012214 T memset
bc012240 T memcpy
bc012270 T memmove
bc0122ec T memcmp
bc01231c T strstr
bc0123e0 T simple_strtoul
bc0124d4 T simple_strtol
bc012524 t skip_atoi
bc012584 t number
bc0127f8 T vsprintf
bc012d54 T sprintf
bc012d90 T panic
bc012e10 T RangeDecoderReadByte
bc012e44 T RangeDecoderInit
bc012ecc T RangeDecoderDecodeDirectBits
bc012f88 T RangeDecoderBitDecode
bc01309c T RangeDecoderBitTreeDecode
bc013130 T RangeDecoderReverseBitTreeDecode
bc0131d4 T LzmaLiteralDecode
bc013244 T LzmaLiteralDecodeMatch
bc01331c T LzmaLenDecode
bc013408 T LzmaDecode
bc01387c T lzmaBuffToBuffDecompress
bc013a90 T get_ram_size
bc013bc4 T initdram
bc013c00 T checkboard
bc013c3c T setGpioData
bc013cf8 T initTpProduct
bc013f0c T getGpioData
bc013f40 T serial_setbrg
bc013fa4 T serial_init
bc013fdc T serial_putc
bc014030 T serial_tstc
bc014044 T serial_getc
bc014068 T serial_puts
bc0140c0 T do_reset
bc0140d8 T flush_cache
bc014174 T write_one_tlb
bc0141ac T flush_dcache_range
bc0141ec T invalidate_dcache_range
bc014230 t linux_env_set
bc014358 T do_bootm_linux
bc014b40 T uip_init
bc014bdc T uip_unlisten
bc014c38 T uip_listen
bc014c94 t uip_add_rcv_nxt
bc014d10 T uip_process
bc015d40 T uip_add32
bc015e14 T uip_chksum
bc015e8c T uip_ipchksum
bc015ec8 T uip_tcpchksum
bc016030 T uip_arp_init
bc0160b0 T uip_arp_timer
bc016178 t uip_arp_update
bc016358 T uip_arp_ipin
bc0163e8 T uip_arp_arpin
bc016560 T uip_arp_out
bc0167b0 t httpd_download_progress
bc016828 T httpd_init_buf
bc016888 T httpd_init
bc0168d4 t httpd_state_reset
bc016954 t httpd_findandstore_firstchunk
bc016bd4 T httpd_appcall
bc017600 R version_string
bc0176a0 r __func__.2
bc0176b4 r __func__.8
bc0176c8 r __func__.1
bc0176f4 r __func__.4
bc017704 r __func__.3
bc017714 r __func__.0
bc017728 r __func__.9
bc01773c r __func__.10
bc017750 r __func__.6
bc017760 r __func__.11
bc01776c r __func__.7
bc017778 r __func__.5
bc017850 r baudrate_table
bc017870 r p.0
bc01ae50 D NetBcastAddr
bc01ae60 D fileNotFoundCounter
bc01ae70 d tab_seq
bc01ae7c d erase_seq
bc01ae80 D stm_opcodes
bc01aec0 D load_addr
bc01aed0 D dp_last_length
bc01aee0 d mmap_threshold
bc01aee4 d trim_threshold
bc01aee8 d sbrk_base
bc01aef0 D default_environment
bc01af70 d crc_table_empty
bc01af80 D _ctype
bc01b080 D uip_ethaddr
bc01b090 d eol
bc01b094 d eol2
bc01b0a0 D upgrade_html_len
bc01b0a4 D upgrade_html
bc01fdc0 d chips_data
bc020150 D stdio_names
bc02015c d av_
bc020564 D env_get_char
bc020568 D env_name_spec
bc02056c D httpd_retok
bc020570 D env_ptr
bc020580 A _gp
bc020580 D _GLOBAL_OFFSET_TABLE_
bc020580 D __got_start
bc020a90 A __u_boot_cmd_start
bc020a90 D __got_end
bc020a90 D __u_boot_cmd_rf
bc020aa8 D __u_boot_cmd_spi
bc020ac0 D __u_boot_cmd_erase
bc020ad8 D __u_boot_cmd_cp
bc020af0 D __u_boot_cmd_go
bc020b08 D __u_boot_cmd_reset
bc020b20 D __u_boot_cmd_bootm
bc020b38 D __u_boot_cmd_coninfo
bc020b50 D __u_boot_cmd_loadb
bc020b68 D __u_boot_cmd_rarpboot
bc020b80 D __u_boot_cmd_tftpboot
bc020b98 D __u_boot_cmd_bootp
bc020bb0 D __u_boot_cmd_httpd
bc020bc8 D __u_boot_cmd_mtest
bc020be0 D __u_boot_cmd_loop
bc020bf8 D __u_boot_cmd_base
bc020c10 D __u_boot_cmd_crc32
bc020c28 D __u_boot_cmd_nm
bc020c40 D __u_boot_cmd_mm
bc020c58 D __u_boot_cmd_md
bc020c70 D __u_boot_cmd_saveenv
bc020c88 D __u_boot_cmd_setenv
bc020ca0 D __u_boot_cmd_printenv
bc020cb8 D __u_boot_cmd_question_mark
bc020cd0 D __u_boot_cmd_help
bc020ce8 D __u_boot_cmd_version
bc020d00 A __u_boot_cmd_end
bc020d00 A uboot_end_data
bc020d00 B modifies
bc020d04 b mem_malloc_start
bc020d08 b mem_malloc_end
bc020d0c b mem_malloc_brk
bc020d10 b file_name_space
bc020d90 B webfailsafe_upgrade_type
bc020d94 B webfailsafe_file_check_ok
bc020d98 B webfailsafe_ready_for_upgrade
bc020d9c B webfailsafe_is_running
bc020da0 B webfailsafe_data_pointer
bc020da4 B NetTxPacket
bc020da8 B NetEtherNullAddr
bc020db0 B NetServerEther
bc020db6 B NetBootFileSize
bc020db8 B NetOurRootPath
bc020df8 B NetOurHostName
bc020e18 B NetOurNISDomain
bc020e38 B NetOurDNSIP
bc020e3c B NetOurGatewayIP
bc020e40 B NetOurSubnetMask
bc020e44 b packetHandler
bc020e48 b timeHandler
bc020e4c b timeStart
bc020e50 b timeDelta
bc020e60 b TftpServerPort
bc020e64 b TftpOurPort
bc020e68 b TftpTimeoutCount
bc020e6c b TftpBlock
bc020e70 b TftpLastBlock
bc020e74 b TftpBlockWrap
bc020e78 b TftpBlockWrapOffset
bc020e7c b TftpState
bc020e80 b default_filename
bc020e90 b tftp_filename
bc020ea0 b first_failed.0
bc020ea4 b eth_devices
bc020ea8 b eth_current
bc020eb0 b arptimer
bc020ec0 b rt2880_free_buf
bc0211a0 b tx_ring0_cache
bc021320 b rx_ring_cache
bc0214a0 b rx_dma_owner_idx0
bc0214a4 b rx_wants_alloc_idx0
bc0214a8 b tx_cpu_owner_idx0
bc0214ac b rx_ring
bc0214b0 b tx_ring0
bc0214b4 b rxRingSize
bc0214b5 b txRingSize
bc0214b8 b rt2880_eth_initd
bc0214bc b PKT_HEADER_Buf_Pool
bc037d00 B spi_chip_info
bc037d10 b lastcommand.0
bc037e10 b a_b
bc037e28 b os_data_state
bc037e2c b os_data_state_saved
bc037e30 b os_data_count_saved
bc037e34 b os_data_addr
bc037e38 b os_data_addr_saved
bc037e3c b bin_start_address
bc037e40 b k_data_escape
bc037e44 b k_data_escape_saved
bc037e50 b base_address
bc037e60 b ctrlc_was_pressed
bc037e64 b ctrlc_disabled
bc037e70 B stdio_devices
bc037e7c B devlist
bc037e80 b n_mmaps_max
bc037e84 b top_pad
bc037e88 b current_mallinfo
bc037eb0 b max_total_mem
bc037eb4 b mmapped_mem
bc037eb8 b max_sbrked_mem
bc037ec0 b crc_table
bc0382c0 b linux_argc
bc0382c4 b linux_argv
bc0382c8 b linux_env
bc0382cc b linux_env_p
bc0382d0 b linux_env_idx
bc0382e0 b ipid
bc0382e4 b iss
bc0382e8 b c
bc0382e9 b opt
bc0382ea b tmp16
bc0382f0 b arp_table
bc038308 b ipaddr
bc03830c b i
bc03830d b c
bc03830e b arptime
bc03830f b tmpage
bc038310 B httpd_preprocess
bc038314 B httpd_result_buf
bc038318 b webfailsafe_post_done
bc03831c b data_start_found
bc038320 b webfailsafe_upload_failed
bc038324 b post_packet_counter
bc038328 b boundary_value
bc038330 B gd_data
bc038354 B Pkt_Buf_Pool
bc04f794 B NetRxPackets
bc04f884 B BootFile
bc04f904 B NetArpWaitPacketBuf
bc04ff44 B console_buffer
bc050044 B console_history
bc050a44 B header
bc050a84 B os_data_header
bc050aa4 B send_parms
bc050ab8 B uip_conns
bc050b10 B uip_buf
bc0510ee A uboot_end
bc0510f0 C monitor_flash_len
bc0510f4 C mips_bus_feq
bc0510f8 C mips_cpu_feq
bc0510fc C NetArpWaitTry
bc051100 C NetArpWaitPacketMAC
bc051104 C NetOurEther
bc05110c C NetOurIP
bc051110 C NetServerIP
bc051114 C NetArpWaitTxPacketSize
bc051118 C NetArpWaitReplyIP
bc05111c C NetArpWaitTxPacket
bc051120 C NetArpWaitPacketIP
bc051124 C NetState
bc051128 C NetIPID
bc05112c C NetRxPkt
bc051130 C NetRxPktLen
bc051134 C NetBootFileXferSize
bc051138 C PktBuf
bc05113c C NetArpWaitTimerStart
bc051140 C TftpStarted
bc051144 C rt2880_free_buf_list
bc05114c C PKT_HEADER_Buf
bc051150 C rt2880_pdev
bc051154 C rt2880_busing_buf_list
bc05115c C his_pad_char
bc051160 C os_data_count
bc051164 C os_data_init
bc051168 C send_ptr
bc05116c C os_data_char
bc051170 C his_eol
bc051171 C his_quote
bc051174 C his_pad_count
bc051178 C dp_last_size
bc05117c C dp_last_addr
bc051180 C mm_last_size
bc051184 C mm_last_addr
bc051188 C ___strtok
bc05118c C uip_len
bc051190 C uip_sappdata
bc051194 C uip_acc32
bc051198 C uip_flags
bc05119c C uip_appdata
bc0511a0 C uip_conn
bc0511a4 C uip_arp_netmask
bc0511a8 C uip_listenports
bc0511aa C uip_surglen
bc0511ac C uip_urgdata
bc0511b0 C uip_hostaddr
bc0511b4 C uip_arp_draddr
bc0511b8 C uip_urglen
bc0511ba C uip_slen
bc0511bc C hs
