Archive member included to satisfy reference by file (symbol)

lib_mips/libmips.a(board.o)   cpu/ralink_soc/start.o (dram_cali)
lib_mips/libmips.a(time.o)    lib_mips/libmips.a(board.o) (timer_init)
net/libnet.a(net.o)           lib_mips/libmips.a(board.o) (copy_filename)
net/libnet.a(tftp.o)          net/libnet.a(net.o) (TftpSend)
net/libnet.a(eth.o)           lib_mips/libmips.a(board.o) (eth_initialize)
net/libnet.a(httpd.o)         net/libnet.a(net.o) (HttpdHandler)
drivers/libdrivers.a(rt2880_eth.o)
                              net/libnet.a(net.o) (rt2880_free_buf_entry_dequeue)
drivers/libdrivers.a(mii_mgr.o)
                              drivers/libdrivers.a(rt2880_eth.o) (mii_mgr_write)
drivers/libdrivers.a(spi_rt6855A_flash.o)
                              lib_mips/libmips.a(board.o) (raspi_init)
common/libcommon.a(main.o)    lib_mips/libmips.a(board.o) (run_command)
common/libcommon.a(cmd_boot.o)
                              (__u_boot_cmd_go)
common/libcommon.a(cmd_bootm.o)
                              lib_mips/libmips.a(board.o) (do_bootm)
common/libcommon.a(cmd_console.o)
                              (__u_boot_cmd_coninfo)
common/libcommon.a(cmd_load.o)
                              lib_mips/libmips.a(board.o) (do_load_serial_bin)
common/libcommon.a(cmd_net.o)
                              (__u_boot_cmd_rarpboot)
common/libcommon.a(cmd_mem.o)
                              (__u_boot_cmd_mtest)
common/libcommon.a(cmd_nvedit.o)
                              lib_mips/libmips.a(board.o) (setenv)
common/libcommon.a(command.o)
                              common/libcommon.a(main.o) (find_cmd)
common/libcommon.a(console.o)
                              lib_mips/libmips.a(board.o) (printf)
common/libcommon.a(devices.o)
                              common/libcommon.a(cmd_console.o) (devlist)
common/libcommon.a(dlmalloc.o)
                              lib_mips/libmips.a(board.o) (malloc_bin_reloc)
common/libcommon.a(env_common.o)
                              common/libcommon.a(cmd_nvedit.o) (env_crc_update)
common/libcommon.a(exports.o)
                              lib_mips/libmips.a(board.o) (jumptable_init)
common/libcommon.a(lists.o)   common/libcommon.a(devices.o) (ListCreate)
common/libcommon.a(env_spi.o)
                              common/libcommon.a(env_common.o) (env_get_char_spec)
common/libcommon.a(environment.o)
                              common/libcommon.a(env_spi.o) (environment)
lib_generic/libgeneric.a(crc32.o)
                              common/libcommon.a(cmd_mem.o) (crc32)
lib_generic/libgeneric.a(display_options.o)
                              lib_mips/libmips.a(board.o) (print_size)
lib_generic/libgeneric.a(string.o)
                              common/libcommon.a(command.o) (strchr)
lib_generic/libgeneric.a(vsprintf.o)
                              lib_mips/libmips.a(board.o) (simple_strtoul)
lib_generic/libgeneric.a(LzmaDecode.o)
                              common/libcommon.a(cmd_bootm.o) (lzmaBuffToBuffDecompress)
lib_generic/libgeneric.a(ctype.o)
                              lib_generic/libgeneric.a(vsprintf.o) (_ctype)
board/rt2880/librt2880.a(rt2880.o)
                              lib_mips/libmips.a(board.o) (initdram)
board/rt2880/librt2880.a(serial.o)
                              common/libcommon.a(cmd_load.o) (serial_setbrg)
cpu/ralink_soc/libralink_soc.a(cpu.o)
                              lib_mips/libmips.a(board.o) (do_reset)
lib_mips/libmips.a(mips_linux.o)
                              common/libcommon.a(cmd_bootm.o) (do_bootm_linux)
httpd/libhttpd.a(uip.o)       net/libnet.a(httpd.o) (uip_conn)
httpd/libhttpd.a(uip_arch.o)  httpd/libhttpd.a(uip.o) (uip_add32)
httpd/libhttpd.a(uip_arp.o)   net/libnet.a(httpd.o) (uip_arp_timer)
httpd/libhttpd.a(httpd.o)     net/libnet.a(httpd.o) (httpd_init)
httpd/libhttpd.a(fsdata.o)    httpd/libhttpd.a(httpd.o) (upgrade_html_len)

Allocating common symbols
Common symbol       size              file

dp_last_size        0x4               common/libcommon.a(cmd_mem.o)
console_buffer      0x100             drivers/libdrivers.a(rt2880_eth.o)
NetArpWaitTry       0x4               net/libnet.a(net.o)
NetArpWaitPacketMAC
                    0x4               net/libnet.a(net.o)
NetOurEther         0x6               net/libnet.a(net.o)
uip_len             0x2               httpd/libhttpd.a(uip.o)
NetOurIP            0x4               net/libnet.a(net.o)
NetServerIP         0x4               net/libnet.a(net.o)
monitor_flash_len   0x4               lib_mips/libmips.a(board.o)
hs                  0x4               httpd/libhttpd.a(httpd.o)
Pkt_Buf_Pool        0x17440           net/libnet.a(net.o)
___strtok           0x4               lib_generic/libgeneric.a(string.o)
NetArpWaitTxPacketSize
                    0x4               net/libnet.a(net.o)
NetArpWaitReplyIP   0x4               net/libnet.a(net.o)
uip_sappdata        0x4               httpd/libhttpd.a(uip.o)
NetRxPackets        0xf0              net/libnet.a(net.o)
[...]
Memory Configuration

Name             Origin             Length             Attributes
*default*        0x0000000000000000 0xffffffffffffffff

Linker script and memory map

                0x0000000000000000                . = 0x0
                0x0000000000000000                . = ALIGN (0x4)

.text           0x00000000bc000000    0x242f0
 *(.text)
 .text          0x00000000bc000000     0x1050 cpu/ralink_soc/start.o
                0x00000000bc000000                _start
                0x00000000bc000b8c                relocate_code
                0x00000000bc000c5c                init_cpu_pll
                0x00000000bc000db8                SDR_CFG0_TBL
                0x00000000bc000dd8                SDR_CFG1_TBL
                0x00000000bc000df8                DDR1_CFG0_TBL
                0x00000000bc000e20                DDR1_CFG1_TBL
                0x00000000bc000ec0                DDR2_CFG0_TBL
                0x00000000bc000ee0                DDR2_CFG1_TBL
                0x00000000bc000f60                lock_dcache
                0x00000000bc000fbc                unlock_dcache
                0x00000000bc001014                fill_icache
 .text          0x00000000bc001050     0x2ec0 lib_mips/libmips.a(board.o)
                0x00000000bc0010a0                dram_cali
                0x00000000bc00217c                __sti
                0x00000000bc002190                __cli
                0x00000000bc0021b4                xchg_u32
                0x00000000bc002218                set_bit
                0x00000000bc002284                __set_bit
                0x00000000bc0022ac                clear_bit
                0x00000000bc00231c                change_bit
                0x00000000bc002388                __change_bit
                0x00000000bc0023ac                test_and_set_bit
                0x00000000bc00241c                __test_and_set_bit
                0x00000000bc00244c                test_and_clear_bit
                0x00000000bc0024c0                __test_and_clear_bit
                0x00000000bc0024f4                test_and_change_bit
                0x00000000bc002564                __test_and_change_bit
                0x00000000bc002594                test_bit
                0x00000000bc0025b0                find_first_zero_bit
                0x00000000bc0025f4                find_next_zero_bit
                0x00000000bc002698                ffz
                0x00000000bc0026bc                strcpy
                0x00000000bc0026e0                strncpy
                0x00000000bc00270c                strcmp
                0x00000000bc002738                strncmp
                0x00000000bc002768                memscan
                0x00000000bc002790                set_cp0_status
                0x00000000bc0027a4                clear_cp0_status
                0x00000000bc0027bc                change_cp0_status
                0x00000000bc0027e0                set_cp0_cause
                0x00000000bc0027f4                clear_cp0_cause
                0x00000000bc00280c                change_cp0_cause
                0x00000000bc002830                set_cp0_config
                0x00000000bc002844                clear_cp0_config
                0x00000000bc00285c                change_cp0_config
                0x00000000bc002880                sbrk
                0x00000000bc0028d0                board_init_f
                0x00000000bc002b84                OperationSelect
                0x00000000bc002c44                tftp_config
                0x00000000bc0030cc                trigger_hw_reset
                0x00000000bc0030d4                hang
                0x00000000bc003104                rw_rf_reg
                0x00000000bc0031f4                do_rw_rf
                0x00000000bc00332c                config_usb_ehciohci
                0x00000000bc00335c                disable_pcie
                0x00000000bc00338c                board_init_r
 .text          0x00000000bc003f10      0x6f0 lib_mips/libmips.a(time.o)
                0x00000000bc004524                timer_init
                0x00000000bc004538                get_timer
                0x00000000bc004544                udelay
                0x00000000bc0045b4                mdelay
 .text          0x00000000bc004600     0x2100 net/libnet.a(net.o)
                0x00000000bc004c60                NetSetHandler
                0x00000000bc004c78                NetSetTimeout
                0x00000000bc004cdc                NetStartAgain
                0x00000000bc004da4                NetSendPacket
                0x00000000bc004dbc                NetCksum
                0x00000000bc004df4                NetCksumOk
                0x00000000bc004e30                NetEthHdrSize
                0x00000000bc004e38                NetSetEther
                0x00000000bc004eb4                ArpRequest
                0x00000000bc005024                ArpTimeoutCheck
                0x00000000bc0050ec                NetSetIP
                0x00000000bc00526c                NetSendUDPPacket
                0x00000000bc00543c                copy_filename
                0x00000000bc005488                NetSendHttpd
                0x00000000bc00551c                NetReceiveHttpd
                0x00000000bc005614                NetReceive
                0x00000000bc005bec                ip_to_string
                0x00000000bc005c58                string_to_ip
                0x00000000bc005d10                print_IPaddr
                0x00000000bc005d5c                getenv_IPaddr
                0x00000000bc005d98                NetLoop
                0x00000000bc006260                NetLoopHttpd
 .text          0x00000000bc006700      0xf30 net/libnet.a(tftp.o)
                0x00000000bc006d14                TftpSend
                0x00000000bc00738c                TftpStart
 .text          0x00000000bc007630      0xae0 net/libnet.a(eth.o)
                0x00000000bc007c44                eth_parse_enetaddr
                0x00000000bc007cdc                eth_register
                0x00000000bc007d30                eth_initialize
                0x00000000bc007f80                eth_init
                0x00000000bc008024                eth_halt
                0x00000000bc008078                eth_send
                0x00000000bc0080ac                eth_rx
                0x00000000bc0080dc                eth_try_another
 .text          0x00000000bc008110      0x9e0 net/libnet.a(httpd.o)
                0x00000000bc008110                upgrade_filecheck
                0x00000000bc00877c                HttpdHandler
                0x00000000bc008878                HttpdStart
                0x00000000bc0088b4                tpFirmwareRecovery
                0x00000000bc0089c8                do_http_upgrade
                0x00000000bc008a50                do_http_progress
 .text          0x00000000bc008af0     0x1940 drivers/libdrivers.a(rt2880_eth.o)
                0x00000000bc0095dc                START_ETH
                0x00000000bc009638                STOP_ETH
                0x00000000bc00969c                rt2880_eth_halt
                0x00000000bc0096b4                rt2880_free_buf_entry_dequeue
                0x00000000bc0096e4                rt2880_eth_initialize
                0x00000000bc0098ec                LANWANPartition
                0x00000000bc0098f4                isDMABusy
                0x00000000bc009c34                enableEthForward
                0x00000000bc009c68                disableEthForward
                0x00000000bc009c98                mt7628_ephy_init
                0x00000000bc009f5c                rt305x_esw_init
                0x00000000bc00a064                readline
                0x00000000bc00a38c                input_value
 .text          0x00000000bc00a430      0xfc0 drivers/libdrivers.a(mii_mgr.o)
                0x00000000bc00aa44                enable_mdio
                0x00000000bc00aa4c                mii_mgr_read
                0x00000000bc00abc8                mii_mgr_write
                0x00000000bc00ad4c                dump_phy_reg
                0x00000000bc00af24                rt2880_mdio_access
 .text          0x00000000bc00b3f0     0x2550 drivers/libdrivers.a(spi_rt6855A_flash.o)
                0x00000000bc00c544                spic_init
                0x00000000bc00c54c                chip_prob
                0x00000000bc00c684                raspi_init
                0x00000000bc00c6dc                raspi_erase
                0x00000000bc00c884                do_flerase
                0x00000000bc00cabc                raspi_read
                0x00000000bc00cc3c                raspi_write
                0x00000000bc00cee0                do_mem_cp
                0x00000000bc00d088                ralink_spi_command
                0x00000000bc00d594                raspi_erase_write
 .text          0x00000000bc00d940      0xc20 common/libcommon.a(main.o)
                0x00000000bc00df54                run_command
                0x00000000bc00e454                main_loop
 .text          0x00000000bc00e560      0x6e0 common/libcommon.a(cmd_boot.o)
                0x00000000bc00e560                do_go
 .text          0x00000000bc00ec40      0xc90 common/libcommon.a(cmd_bootm.o)
                0x00000000bc00f27c                fake_image_header
                0x00000000bc00f368                do_bootm
                0x00000000bc00f57c                print_image_hdr
 .text          0x00000000bc00f8d0      0x790 common/libcommon.a(cmd_console.o)
                0x00000000bc00f8d0                do_coninfo
 .text          0x00000000bc010060     0x12e0 common/libcommon.a(cmd_load.o)
                0x00000000bc0106f0                send_pad
                0x00000000bc01074c                ktrans
                0x00000000bc010784                chk1
                0x00000000bc0107b0                s1_sendpacket
                0x00000000bc010808                send_ack
                0x00000000bc010894                send_nack
                0x00000000bc010920                k_data_init
                0x00000000bc010944                k_data_save
                0x00000000bc010994                k_data_restore
                0x00000000bc0109e4                k_data_char
                0x00000000bc010a84                handle_send_packet
                0x00000000bc010cc8                do_load_serial_bin
 .text          0x00000000bc011340      0xa90 common/libcommon.a(cmd_net.o)
                0x00000000bc011340                do_httpd
                0x00000000bc011d14                do_bootp
                0x00000000bc011d34                do_tftpb
                0x00000000bc011d54                do_rarpb
 .text          0x00000000bc011dd0     0x1110 common/libcommon.a(cmd_mem.o)
                0x00000000bc011dd0                do_mem_base
                0x00000000bc011e3c                do_mem_mtest
                0x00000000bc012010                do_mem_crc
                0x00000000bc012744                cmd_get_data_size
                0x00000000bc0127d8                do_mem_md
                0x00000000bc012cb0                do_mem_mm
                0x00000000bc012d10                do_mem_nm
                0x00000000bc012d70                do_mem_loop
 .text          0x00000000bc012ee0     0x1110 common/libcommon.a(cmd_nvedit.o)
                0x00000000bc012fa8                do_printenv
                0x00000000bc013218                do_saveenv
                0x00000000bc01387c                _do_setenv
                0x00000000bc013e48                do_setenv
                0x00000000bc013eac                setenv
                0x00000000bc013efc                getenv
 .text          0x00000000bc013ff0      0x9a0 common/libcommon.a(command.o)
                0x00000000bc013ff0                do_version
                0x00000000bc014640                find_cmd
                0x00000000bc01472c                do_help
 .text          0x00000000bc014990      0xdb0 common/libcommon.a(console.o)
                0x00000000bc015084                serial_printf
                0x00000000bc0150e8                fgetc
                0x00000000bc015120                ftstc
                0x00000000bc015158                fputc
                0x00000000bc01519c                fputs
                0x00000000bc0151dc                fprintf
                0x00000000bc015248                getc
                0x00000000bc015278                tstc
                0x00000000bc0152a8                putc
                0x00000000bc0152e4                puts
                0x00000000bc015318                printf
                0x00000000bc01537c                vprintf
                0x00000000bc0153d0                ctrlc
                0x00000000bc015460                disable_ctrlc
                0x00000000bc01547c                had_ctrlc
                0x00000000bc015494                clear_ctrlc
                0x00000000bc0154ac                console_assign
                0x00000000bc0155c4                console_init_f
                0x00000000bc0155d4                console_init_r
 .text          0x00000000bc015740      0x7a0 common/libcommon.a(devices.o)
                0x00000000bc015d54                device_register
                0x00000000bc015d94                devices_init
                0x00000000bc015e98                devices_done
 .text          0x00000000bc015ee0     0x1a00 common/libcommon.a(dlmalloc.o)
                0x00000000bc0164f4                malloc_bin_reloc
                0x00000000bc01653c                malloc_trim
                0x00000000bc01664c                free
                0x00000000bc0168a4                malloc
                0x00000000bc016f4c                calloc
                0x00000000bc017058                realloc
                0x00000000bc017630                memalign
                0x00000000bc0177c0                valloc
                0x00000000bc0177dc                pvalloc
                0x00000000bc017800                cfree
                0x00000000bc017818                malloc_usable_size
                0x00000000bc01786c                mallopt
 .text          0x00000000bc0178e0      0x7d0 common/libcommon.a(env_common.o)
                0x00000000bc0178e0                env_get_char_memory
                0x00000000bc017f58                env_crc_update
                0x00000000bc017fa4                env_get_addr
                0x00000000bc017fd4                env_relocate
 .text          0x00000000bc0180b0      0x6d0 common/libcommon.a(exports.o)
                0x00000000bc0180b8                get_version
                0x00000000bc0186d4                jumptable_init
 .text          0x00000000bc018780      0xad0 common/libcommon.a(lists.o)
                0x00000000bc018d94                NewHandle
                0x00000000bc018e3c                DisposeHandle
                0x00000000bc018e98                GetHandleSize
                0x00000000bc018ea0                SetHandleSize
                0x00000000bc018f54                ListCreate
                0x00000000bc018fc0                ListDispose
                0x00000000bc018fd8                ListInsertItems
                0x00000000bc0191f0                ListInsertItem
                0x00000000bc019208                ListGetPtrToItem
                0x00000000bc019240                ListNumItems
 .text          0x00000000bc019250      0x680 common/libcommon.a(env_spi.o)
                0x00000000bc019864                env_get_char_spec
                0x00000000bc019874                env_init
                0x00000000bc019894                spi_env_init
                0x00000000bc0198c0                saveenv
                0x00000000bc0198c8                env_relocate_spec
 .text          0x00000000bc0198d0     0x1010 common/libcommon.a(environment.o)
                0x00000000bc0198d0                env_size
                0x00000000bc0198d4                environment
 .text          0x00000000bc01a8e0      0x830 lib_generic/libgeneric.a(crc32.o)
                0x00000000bc01aef4                crc32
 .text          0x00000000bc01b110      0x730 lib_generic/libgeneric.a(display_options.o)
                0x00000000bc01b724                display_options
                0x00000000bc01b760                print_size
 .text          0x00000000bc01b840      0x370 lib_generic/libgeneric.a(string.o)
                0x00000000bc01b914                strchr
                0x00000000bc01b948                strlen
                0x00000000bc01b968                strrchr
                0x00000000bc01b9d8                strnlen
                0x00000000bc01ba04                memset
                0x00000000bc01ba28                memcpy
                0x00000000bc01ba54                memmove
                0x00000000bc01baac                memcmp
                0x00000000bc01badc                strstr
 .text          0x00000000bc01bbb0      0xf50 lib_generic/libgeneric.a(vsprintf.o)
                0x00000000bc01c448                simple_strtoul
                0x00000000bc01c52c                simple_strtol
                0x00000000bc01c578                vsprintf
                0x00000000bc01ca30                sprintf
                0x00000000bc01ca70                panic
 .text          0x00000000bc01cb00      0xc90 lib_generic/libgeneric.a(LzmaDecode.o)
                0x00000000bc01cb00                RangeDecoderReadByte
                0x00000000bc01cb2c                RangeDecoderInit
                0x00000000bc01cbb4                RangeDecoderDecodeDirectBits
                0x00000000bc01cc78                RangeDecoderBitDecode
                0x00000000bc01cd58                RangeDecoderBitTreeDecode
                0x00000000bc01cdec                RangeDecoderReverseBitTreeDecode
                0x00000000bc01ce90                LzmaLiteralDecode
                0x00000000bc01cf00                LzmaLiteralDecodeMatch
                0x00000000bc01cfd0                LzmaLenDecode
                0x00000000bc01d0a8                LzmaDecode
                0x00000000bc01d594                lzmaBuffToBuffDecompress
 .text          0x00000000bc01d790        0x0 lib_generic/libgeneric.a(ctype.o)
 .text          0x00000000bc01d790      0xa30 board/rt2880/librt2880.a(rt2880.o)
                0x00000000bc01dda4                get_ram_size
                0x00000000bc01dea8                initdram
                0x00000000bc01dec8                checkboard
                0x00000000bc01df00                setGpioData
                0x00000000bc01dfa4                initTpProduct
                0x00000000bc01e19c                getGpioData
 .text          0x00000000bc01e1c0      0x750 board/rt2880/librt2880.a(serial.o)
                0x00000000bc01e7d4                serial_setbrg
                0x00000000bc01e818                serial_init
                0x00000000bc01e84c                serial_putc
                0x00000000bc01e890                serial_tstc
                0x00000000bc01e8a0                serial_getc
                0x00000000bc01e8c0                serial_puts
 .text          0x00000000bc01e910      0x8c0 cpu/ralink_soc/libralink_soc.a(cpu.o)
                0x00000000bc01f038                do_reset
                0x00000000bc01f04c                flush_cache
                0x00000000bc01f0f4                write_one_tlb
                0x00000000bc01f12c                flush_dcache_range
                0x00000000bc01f178                invalidate_dcache_range
 .text          0x00000000bc01f1d0      0xe30 lib_mips/libmips.a(mips_linux.o)
                0x00000000bc01f928                do_bootm_linux
 .text          0x00000000bc020000     0x17a0 httpd/libhttpd.a(uip.o)
                0x00000000bc020614                uip_init
                0x00000000bc02066c                uip_unlisten
                0x00000000bc0206a4                uip_listen
                0x00000000bc0206dc                uip_process
 .text          0x00000000bc0217a0      0x950 httpd/libhttpd.a(uip_arch.o)
                0x00000000bc021db4                uip_add32
                0x00000000bc021eb0                uip_chksum
                0x00000000bc021f38                uip_ipchksum
                0x00000000bc021f58                uip_tcpchksum
 .text          0x00000000bc0220f0      0xe90 httpd/libhttpd.a(uip_arp.o)
                0x00000000bc022908                uip_arp_init
                0x00000000bc02299c                uip_arp_timer
                0x00000000bc022a70                uip_arp_ipin
                0x00000000bc022b04                uip_arp_arpin
                0x00000000bc022d00                uip_arp_out
 .text          0x00000000bc022f80     0x1370 httpd/libhttpd.a(httpd.o)
                0x00000000bc0238f8                httpd_init_buf
                0x00000000bc023958                httpd_init
                0x00000000bc0239a4                httpd_appcall
 .text          0x00000000bc0242f0        0x0 httpd/libhttpd.a(fsdata.o)

.text.unlikely  0x00000000bc0242f0       0x70
 .text.unlikely
                0x00000000bc0242f0       0x70 httpd/libhttpd.a(uip.o)
                0x00000000bc024360                . = ALIGN (0x4)

.rodata         0x00000000bc024360      0x280
 *(.rodata)
 .rodata        0x00000000bc024360       0x30 lib_mips/libmips.a(board.o)
                0x00000000bc024360                version_string
 .rodata        0x00000000bc024390       0x10 net/libnet.a(net.o)
 .rodata        0x00000000bc0243a0       0x20 net/libnet.a(tftp.o)
 .rodata        0x00000000bc0243c0       0x10 net/libnet.a(eth.o)
 .rodata        0x00000000bc0243d0       0x20 net/libnet.a(httpd.o)
 .rodata        0x00000000bc0243f0       0xc0 drivers/libdrivers.a(spi_rt6855A_flash.o)
 .rodata        0x00000000bc0244b0       0xc0 common/libcommon.a(cmd_bootm.o)
 .rodata        0x00000000bc024570       0x20 common/libcommon.a(cmd_mem.o)
 .rodata        0x00000000bc024590       0x10 lib_generic/libgeneric.a(crc32.o)
 .rodata        0x00000000bc0245a0       0x40 httpd/libhttpd.a(uip.o)

.reginfo        0x00000000bc0245e0       0x18
 .reginfo       0x00000000bc0245e0       0x18 cpu/ralink_soc/start.o

.MIPS.abiflags  0x00000000bc0245f8       0x18
 .MIPS.abiflags
                0x00000000bc0245f8       0x18 cpu/ralink_soc/start.o

.rodata.str1.4  0x00000000bc024610     0x353c
 .rodata.str1.4
                0x00000000bc024610      0x951 lib_mips/libmips.a(board.o)
                                        0x97c (size before relaxing)
 *fill*         0x00000000bc024f61        0x3 
 .rodata.str1.4
                0x00000000bc024f64      0x3e4 net/libnet.a(net.o)
                                        0x408 (size before relaxing)
 .rodata.str1.4
                0x00000000bc025348      0x1f4 net/libnet.a(tftp.o)
                                        0x204 (size before relaxing)
 .rodata.str1.4
                0x00000000bc02553c       0x92 net/libnet.a(eth.o)
                                         0x98 (size before relaxing)
 *fill*         0x00000000bc0255ce        0x2 
 .rodata.str1.4
                0x00000000bc0255d0      0x125 net/libnet.a(httpd.o)
                                        0x128 (size before relaxing)
 *fill*         0x00000000bc0256f5        0x3 
 .rodata.str1.4
                0x00000000bc0256f8      0x160 drivers/libdrivers.a(rt2880_eth.o)
 .rodata.str1.4
                0x00000000bc025858      0x293 drivers/libdrivers.a(mii_mgr.o)
                                        0x2a4 (size before relaxing)
 *fill*         0x00000000bc025aeb        0x1 
 .rodata.str1.4
                0x00000000bc025aec      0x85a drivers/libdrivers.a(spi_rt6855A_flash.o)
                                        0x870 (size before relaxing)
 *fill*         0x00000000bc026346        0x2 
 .rodata.str1.4
                0x00000000bc026348       0x7d common/libcommon.a(main.o)
                                         0x98 (size before relaxing)
 *fill*         0x00000000bc0263c5        0x3 
 .rodata.str1.4
                0x00000000bc0263c8       0xdf common/libcommon.a(cmd_boot.o)
                                         0xec (size before relaxing)
 *fill*         0x00000000bc0264a7        0x1 
 .rodata.str1.4
                0x00000000bc0264a8      0x40c common/libcommon.a(cmd_bootm.o)
                                        0x418 (size before relaxing)
 .rodata.str1.4
                0x00000000bc0268b4       0x6d common/libcommon.a(cmd_console.o)
                                         0x74 (size before relaxing)
 *fill*         0x00000000bc026921        0x3 
 .rodata.str1.4
                0x00000000bc026924      0x1bc common/libcommon.a(cmd_load.o)
                                        0x1d4 (size before relaxing)
 .rodata.str1.4
                0x00000000bc026ae0      0x1b8 common/libcommon.a(cmd_net.o)
                                        0x214 (size before relaxing)
 .rodata.str1.4
                0x00000000bc026c98      0x40e common/libcommon.a(cmd_mem.o)
                                        0x420 (size before relaxing)
 *fill*         0x00000000bc0270a6        0x2 
 .rodata.str1.4
                0x00000000bc0270a8      0x2ad common/libcommon.a(cmd_nvedit.o)
                                        0x318 (size before relaxing)
 *fill*         0x00000000bc027355        0x3 
 .rodata.str1.4
                0x00000000bc027358      0x211 common/libcommon.a(command.o)
                                        0x21c (size before relaxing)
 *fill*         0x00000000bc027569        0x3 
 .rodata.str1.4
                0x00000000bc02756c       0x2f common/libcommon.a(devices.o)
                                         0x48 (size before relaxing)
 *fill*         0x00000000bc02759b        0x1 
 .rodata.str1.4
                0x00000000bc02759c       0x33 common/libcommon.a(env_common.o)
                                         0x34 (size before relaxing)
 *fill*         0x00000000bc0275cf        0x1 
 .rodata.str1.4
                0x00000000bc0275d0        0xa common/libcommon.a(env_spi.o)
                                          0xc (size before relaxing)
 *fill*         0x00000000bc0275da        0x2 
 .rodata.str1.4
                0x00000000bc0275dc       0x17 lib_generic/libgeneric.a(display_options.o)
                                         0x20 (size before relaxing)
 *fill*         0x00000000bc0275f3        0x1 
 .rodata.str1.4
                0x00000000bc0275f4       0x57 lib_generic/libgeneric.a(vsprintf.o)
                                         0x58 (size before relaxing)
 *fill*         0x00000000bc02764b        0x1 
 .rodata.str1.4
                0x00000000bc02764c       0x61 board/rt2880/librt2880.a(rt2880.o)
                                         0x64 (size before relaxing)
 *fill*         0x00000000bc0276ad        0x3 
 .rodata.str1.4
                0x00000000bc0276b0      0x177 lib_mips/libmips.a(mips_linux.o)
                                        0x188 (size before relaxing)
 *fill*         0x00000000bc027827        0x1 
 .rodata.str1.4
                0x00000000bc027828      0x324 httpd/libhttpd.a(httpd.o)
                                        0x32c (size before relaxing)

.rel.dyn        0x00000000bc027b4c        0x0
 .rel.dyn       0x00000000bc027b4c        0x0 lib_mips/libmips.a(board.o)
                0x00000000bc027b4c                . = ALIGN (0x4)

.data           0x00000000bc027b50     0x4f70
 *(.data)
 .data          0x00000000bc027b50        0x0 cpu/ralink_soc/start.o
 .data          0x00000000bc027b50        0x0 lib_mips/libmips.a(board.o)
 .data          0x00000000bc027b50        0x0 lib_mips/libmips.a(time.o)
 .data          0x00000000bc027b50       0x10 net/libnet.a(net.o)
                0x00000000bc027b50                NetBcastAddr
 .data          0x00000000bc027b60       0x10 net/libnet.a(tftp.o)
                0x00000000bc027b60                fileNotFoundCounter
 .data          0x00000000bc027b70        0x0 net/libnet.a(eth.o)
 .data          0x00000000bc027b70        0x0 net/libnet.a(httpd.o)
 .data          0x00000000bc027b70       0x10 drivers/libdrivers.a(rt2880_eth.o)
 .data          0x00000000bc027b80        0x0 drivers/libdrivers.a(mii_mgr.o)
 .data          0x00000000bc027b80       0x40 drivers/libdrivers.a(spi_rt6855A_flash.o)
                0x00000000bc027b80                stm_opcodes
 .data          0x00000000bc027bc0        0x0 common/libcommon.a(main.o)
 .data          0x00000000bc027bc0        0x0 common/libcommon.a(cmd_boot.o)
 .data          0x00000000bc027bc0       0x10 common/libcommon.a(cmd_bootm.o)
                0x00000000bc027bc0                load_addr
 .data          0x00000000bc027bd0        0x0 common/libcommon.a(cmd_console.o)
 .data          0x00000000bc027bd0        0x0 common/libcommon.a(cmd_load.o)
 .data          0x00000000bc027bd0        0x0 common/libcommon.a(cmd_net.o)
 .data          0x00000000bc027bd0       0x10 common/libcommon.a(cmd_mem.o)
                0x00000000bc027bd0                dp_last_length
 .data          0x00000000bc027be0        0x0 common/libcommon.a(cmd_nvedit.o)
 .data          0x00000000bc027be0        0x0 common/libcommon.a(command.o)
 .data          0x00000000bc027be0        0x0 common/libcommon.a(console.o)
 .data          0x00000000bc027be0        0x0 common/libcommon.a(devices.o)
 .data          0x00000000bc027be0       0x10 common/libcommon.a(dlmalloc.o)
 .data          0x00000000bc027bf0       0x80 common/libcommon.a(env_common.o)
                0x00000000bc027bf0                default_environment
 .data          0x00000000bc027c70        0x0 common/libcommon.a(exports.o)
 .data          0x00000000bc027c70        0x0 common/libcommon.a(lists.o)
 .data          0x00000000bc027c70        0x0 common/libcommon.a(env_spi.o)
 .data          0x00000000bc027c70        0x0 common/libcommon.a(environment.o)
 .data          0x00000000bc027c70       0x10 lib_generic/libgeneric.a(crc32.o)
 .data          0x00000000bc027c80        0x0 lib_generic/libgeneric.a(display_options.o)
 .data          0x00000000bc027c80        0x0 lib_generic/libgeneric.a(string.o)
 .data          0x00000000bc027c80        0x0 lib_generic/libgeneric.a(vsprintf.o)
 .data          0x00000000bc027c80        0x0 lib_generic/libgeneric.a(LzmaDecode.o)
 .data          0x00000000bc027c80      0x100 lib_generic/libgeneric.a(ctype.o)
                0x00000000bc027c80                _ctype
 .data          0x00000000bc027d80        0x0 board/rt2880/librt2880.a(rt2880.o)
 .data          0x00000000bc027d80        0x0 board/rt2880/librt2880.a(serial.o)
 .data          0x00000000bc027d80        0x0 cpu/ralink_soc/libralink_soc.a(cpu.o)
 .data          0x00000000bc027d80        0x0 lib_mips/libmips.a(mips_linux.o)
 .data          0x00000000bc027d80        0x0 httpd/libhttpd.a(uip.o)
 .data          0x00000000bc027d80        0x0 httpd/libhttpd.a(uip_arch.o)
 .data          0x00000000bc027d80       0x10 httpd/libhttpd.a(uip_arp.o)
                0x00000000bc027d80                uip_ethaddr
 .data          0x00000000bc027d90       0x10 httpd/libhttpd.a(httpd.o)
 .data          0x00000000bc027da0     0x4d20 httpd/libhttpd.a(fsdata.o)
                0x00000000bc027da0                upgrade_html_len
                0x00000000bc027da4                upgrade_html

.got.plt        0x00000000bc02cac0        0x0
 .got.plt       0x00000000bc02cac0        0x0 lib_mips/libmips.a(board.o)

.data.rel.local
                0x00000000bc02cac0      0x7b0
 .data.rel.local
                0x00000000bc02cac0      0x390 drivers/libdrivers.a(spi_rt6855A_flash.o)
 .data.rel.local
                0x00000000bc02ce50        0xc common/libcommon.a(devices.o)
                0x00000000bc02ce50                stdio_names
 .data.rel.local
                0x00000000bc02ce5c      0x408 common/libcommon.a(dlmalloc.o)
 .data.rel.local
                0x00000000bc02d264        0x4 common/libcommon.a(env_common.o)
                0x00000000bc02d264                env_get_char
 .data.rel.local
                0x00000000bc02d268        0x4 common/libcommon.a(env_spi.o)
                0x00000000bc02d268                env_name_spec
 .data.rel.local
                0x00000000bc02d26c        0x4 httpd/libhttpd.a(httpd.o)
                0x00000000bc02d26c                httpd_retok

.data.rel       0x00000000bc02d270        0x4
 .data.rel      0x00000000bc02d270        0x4 common/libcommon.a(env_spi.o)
                0x00000000bc02d270                env_ptr
                0x00000000bc02d274                . = ALIGN (0x4)

.sdata
 *(.sdata)
 *(.sdata)
                0x00000000bc02d280                _gp = ALIGN (0x10)

.got            0x00000000bc02d280      0x4b4
                0x00000000bc02d280                __got_start = .
 *(.got)
 .got           0x00000000bc02d280      0x4b4 lib_mips/libmips.a(board.o)
                0x00000000bc02d280                _GLOBAL_OFFSET_TABLE_
                0x00000000bc02d734                __got_end = .
                0x00000000bc02d734                __u_boot_cmd_start = .

.u_boot_cmd     0x00000000bc02d734      0x270
 *(.u_boot_cmd)
 .u_boot_cmd    0x00000000bc02d734       0x18 lib_mips/libmips.a(board.o)
                0x00000000bc02d734                __u_boot_cmd_rf
 .u_boot_cmd    0x00000000bc02d74c       0x48 drivers/libdrivers.a(spi_rt6855A_flash.o)
                0x00000000bc02d74c                __u_boot_cmd_spi
                0x00000000bc02d764                __u_boot_cmd_erase
                0x00000000bc02d77c                __u_boot_cmd_cp
 .u_boot_cmd    0x00000000bc02d794       0x18 common/libcommon.a(cmd_boot.o)
                0x00000000bc02d794                __u_boot_cmd_go
 .u_boot_cmd    0x00000000bc02d7ac       0x30 common/libcommon.a(cmd_bootm.o)
                0x00000000bc02d7ac                __u_boot_cmd_reset
                0x00000000bc02d7c4                __u_boot_cmd_bootm
 .u_boot_cmd    0x00000000bc02d7dc       0x18 common/libcommon.a(cmd_console.o)
                0x00000000bc02d7dc                __u_boot_cmd_coninfo
 .u_boot_cmd    0x00000000bc02d7f4       0x18 common/libcommon.a(cmd_load.o)
                0x00000000bc02d7f4                __u_boot_cmd_loadb
 .u_boot_cmd    0x00000000bc02d80c       0x60 common/libcommon.a(cmd_net.o)
                0x00000000bc02d80c                __u_boot_cmd_rarpboot
                0x00000000bc02d824                __u_boot_cmd_tftpboot
                0x00000000bc02d83c                __u_boot_cmd_bootp
                0x00000000bc02d854                __u_boot_cmd_httpd
 .u_boot_cmd    0x00000000bc02d86c       0xa8 common/libcommon.a(cmd_mem.o)
                0x00000000bc02d86c                __u_boot_cmd_mtest
                0x00000000bc02d884                __u_boot_cmd_loop
                0x00000000bc02d89c                __u_boot_cmd_base
                0x00000000bc02d8b4                __u_boot_cmd_crc32
                0x00000000bc02d8cc                __u_boot_cmd_nm
                0x00000000bc02d8e4                __u_boot_cmd_mm
                0x00000000bc02d8fc                __u_boot_cmd_md
 .u_boot_cmd    0x00000000bc02d914       0x48 common/libcommon.a(cmd_nvedit.o)
                0x00000000bc02d914                __u_boot_cmd_saveenv
                0x00000000bc02d92c                __u_boot_cmd_setenv
                0x00000000bc02d944                __u_boot_cmd_printenv
 .u_boot_cmd    0x00000000bc02d95c       0x48 common/libcommon.a(command.o)
                0x00000000bc02d95c                __u_boot_cmd_question_mark
                0x00000000bc02d974                __u_boot_cmd_help
                0x00000000bc02d98c                __u_boot_cmd_version
                0x00000000bc02d9a4                __u_boot_cmd_end = .
                0x00000000bc02d9a4                uboot_end_data = .
                0x000000000000012d                num_got_entries = ((__got_end - __got_start) >> 0x2)
                0x00000000bc02d9a4                . = ALIGN (0x4)

.sbss
 *(.sbss)

.bss            0x00000000bc02d9c0    0x303ee
 *(.bss)
 .bss           0x00000000bc02d9c0        0x0 cpu/ralink_soc/start.o
 .bss           0x00000000bc02d9c0       0x90 lib_mips/libmips.a(board.o)
                0x00000000bc02d9c0                modifies
 .bss           0x00000000bc02da50        0x0 lib_mips/libmips.a(time.o)
 .bss           0x00000000bc02da50       0xd0 net/libnet.a(net.o)
                0x00000000bc02da50                webfailsafe_upgrade_type
                0x00000000bc02da54                webfailsafe_file_check_ok
                0x00000000bc02da58                webfailsafe_ready_for_upgrade
                0x00000000bc02da5c                webfailsafe_is_running
                0x00000000bc02da60                webfailsafe_data_pointer
                0x00000000bc02da64                NetTxPacket
                0x00000000bc02da68                NetEtherNullAddr
                0x00000000bc02da70                NetServerEther
                0x00000000bc02da76                NetBootFileSize
                0x00000000bc02da78                NetOurRootPath
                0x00000000bc02dab8                NetOurHostName
                0x00000000bc02dad8                NetOurNISDomain
                0x00000000bc02daf8                NetOurDNSIP
                0x00000000bc02dafc                NetOurGatewayIP
                0x00000000bc02db00                NetOurSubnetMask
 .bss           0x00000000bc02db20       0x40 net/libnet.a(tftp.o)
 .bss           0x00000000bc02db60       0x10 net/libnet.a(eth.o)
 .bss           0x00000000bc02db70       0x10 net/libnet.a(httpd.o)
 .bss           0x00000000bc02db80    0x16e40 drivers/libdrivers.a(rt2880_eth.o)
 .bss           0x00000000bc0449c0        0x0 drivers/libdrivers.a(mii_mgr.o)
 .bss           0x00000000bc0449c0       0x10 drivers/libdrivers.a(spi_rt6855A_flash.o)
                0x00000000bc0449c0                spi_chip_info
 .bss           0x00000000bc0449d0      0x100 common/libcommon.a(main.o)
 .bss           0x00000000bc044ad0        0x0 common/libcommon.a(cmd_boot.o)
 .bss           0x00000000bc044ad0        0x0 common/libcommon.a(cmd_bootm.o)
 .bss           0x00000000bc044ad0        0x0 common/libcommon.a(cmd_console.o)
 .bss           0x00000000bc044ad0       0x40 common/libcommon.a(cmd_load.o)
 .bss           0x00000000bc044b10        0x0 common/libcommon.a(cmd_net.o)
 .bss           0x00000000bc044b10       0x10 common/libcommon.a(cmd_mem.o)
 .bss           0x00000000bc044b20        0x0 common/libcommon.a(cmd_nvedit.o)
 .bss           0x00000000bc044b20        0x0 common/libcommon.a(command.o)
 .bss           0x00000000bc044b20       0x10 common/libcommon.a(console.o)
 .bss           0x00000000bc044b30       0x10 common/libcommon.a(devices.o)
                0x00000000bc044b30                stdio_devices
                0x00000000bc044b3c                devlist
 .bss           0x00000000bc044b40       0x40 common/libcommon.a(dlmalloc.o)
 .bss           0x00000000bc044b80        0x0 common/libcommon.a(env_common.o)
 .bss           0x00000000bc044b80        0x0 common/libcommon.a(exports.o)
 .bss           0x00000000bc044b80        0x0 common/libcommon.a(lists.o)
 .bss           0x00000000bc044b80        0x0 common/libcommon.a(env_spi.o)
 .bss           0x00000000bc044b80        0x0 common/libcommon.a(environment.o)
 .bss           0x00000000bc044b80      0x400 lib_generic/libgeneric.a(crc32.o)
 .bss           0x00000000bc044f80        0x0 lib_generic/libgeneric.a(display_options.o)
 .bss           0x00000000bc044f80        0x0 lib_generic/libgeneric.a(string.o)
 .bss           0x00000000bc044f80        0x0 lib_generic/libgeneric.a(vsprintf.o)
 .bss           0x00000000bc044f80        0x0 lib_generic/libgeneric.a(LzmaDecode.o)
 .bss           0x00000000bc044f80        0x0 lib_generic/libgeneric.a(ctype.o)
 .bss           0x00000000bc044f80        0x0 board/rt2880/librt2880.a(rt2880.o)
 .bss           0x00000000bc044f80        0x0 board/rt2880/librt2880.a(serial.o)
 .bss           0x00000000bc044f80        0x0 cpu/ralink_soc/libralink_soc.a(cpu.o)
 .bss           0x00000000bc044f80       0x20 lib_mips/libmips.a(mips_linux.o)
 .bss           0x00000000bc044fa0       0x10 httpd/libhttpd.a(uip.o)
 .bss           0x00000000bc044fb0        0x0 httpd/libhttpd.a(uip_arch.o)
 .bss           0x00000000bc044fb0       0x20 httpd/libhttpd.a(uip_arp.o)
 .bss           0x00000000bc044fd0       0x20 httpd/libhttpd.a(httpd.o)
                0x00000000bc044fd0                httpd_preprocess
                0x00000000bc044fd4                httpd_result_buf
 .bss           0x00000000bc044ff0        0x0 httpd/libhttpd.a(fsdata.o)
 COMMON         0x00000000bc044ff0       0x24 lib_mips/libmips.a(board.o)
                0x00000000bc044ff0                gd_data
 COMMON         0x00000000bc045014    0x17bf0 net/libnet.a(net.o)
                0x00000000bc045014                Pkt_Buf_Pool
                0x00000000bc05c454                NetRxPackets
                0x00000000bc05c544                BootFile
                0x00000000bc05c5c4                NetArpWaitPacketBuf
 COMMON         0x00000000bc05cc04      0x100 drivers/libdrivers.a(rt2880_eth.o)
                0x00000000bc05cc04                console_buffer
 COMMON         0x00000000bc05cd04      0xa00 common/libcommon.a(main.o)
                0x00000000bc05cd04                console_history
 COMMON         0x00000000bc05d704       0x40 common/libcommon.a(cmd_bootm.o)
                0x00000000bc05d704                header
 COMMON         0x00000000bc05d744       0x34 common/libcommon.a(cmd_load.o)
                0x00000000bc05d744                os_data_header
                0x00000000bc05d764                send_parms
 COMMON         0x00000000bc05d778      0x636 httpd/libhttpd.a(uip.o)
                0x00000000bc05d778                uip_conns
                0x00000000bc05d7d0                uip_buf
                0x00000000bc05ddae                uboot_end = .
Address of section .text set to 0xbc000000
LOAD cpu/ralink_soc/start.o
START GROUP
LOAD lib_generic/libgeneric.a
LOAD board/rt2880/librt2880.a
LOAD cpu/ralink_soc/libralink_soc.a
LOAD lib_mips/libmips.a
LOAD httpd/libhttpd.a
LOAD net/libnet.a
LOAD drivers/libdrivers.a
LOAD common/libcommon.a
END GROUP
OUTPUT(u-boot elf32-tradlittlemips)

.scommon        0x00000000bc05ddb0       0xd0
 .scommon       0x00000000bc05ddb0        0xc lib_mips/libmips.a(board.o)
                0x00000000bc05ddb0                monitor_flash_len
                0x00000000bc05ddb4                mips_bus_feq
                0x00000000bc05ddb8                mips_cpu_feq
 .scommon       0x00000000bc05ddbc       0x44 net/libnet.a(net.o)
                0x00000000bc05ddbc                NetArpWaitTry
                0x00000000bc05ddc0                NetArpWaitPacketMAC
                0x00000000bc05ddc4                NetOurEther
                0x00000000bc05ddcc                NetOurIP
                0x00000000bc05ddd0                NetServerIP
                0x00000000bc05ddd4                NetArpWaitTxPacketSize
                0x00000000bc05ddd8                NetArpWaitReplyIP
                0x00000000bc05dddc                NetArpWaitTxPacket
                0x00000000bc05dde0                NetArpWaitPacketIP
                0x00000000bc05dde4                NetState
                0x00000000bc05dde8                NetIPID
                0x00000000bc05ddec                NetRxPkt
                0x00000000bc05ddf0                NetRxPktLen
                0x00000000bc05ddf4                NetBootFileXferSize
                0x00000000bc05ddf8                PktBuf
                0x00000000bc05ddfc                NetArpWaitTimerStart
 .scommon       0x00000000bc05de00        0x4 net/libnet.a(tftp.o)
                0x00000000bc05de00                TftpStarted
 .scommon       0x00000000bc05de04       0x18 drivers/libdrivers.a(rt2880_eth.o)
                0x00000000bc05de04                rt2880_free_buf_list
                0x00000000bc05de0c                PKT_HEADER_Buf
                0x00000000bc05de10                rt2880_pdev
                0x00000000bc05de14                rt2880_busing_buf_list
 .scommon       0x00000000bc05de1c       0x1c common/libcommon.a(cmd_load.o)
                0x00000000bc05de1c                his_pad_char
                0x00000000bc05de20                os_data_count
                0x00000000bc05de24                os_data_init
                0x00000000bc05de28                send_ptr
                0x00000000bc05de2c                os_data_char
                0x00000000bc05de30                his_eol
                0x00000000bc05de31                his_quote
                0x00000000bc05de34                his_pad_count
 .scommon       0x00000000bc05de38       0x10 common/libcommon.a(cmd_mem.o)
                0x00000000bc05de38                dp_last_size
                0x00000000bc05de3c                dp_last_addr
                0x00000000bc05de40                mm_last_size
                0x00000000bc05de44                mm_last_addr
 .scommon       0x00000000bc05de48        0x4 lib_generic/libgeneric.a(string.o)
                0x00000000bc05de48                ___strtok
 .scommon       0x00000000bc05de4c       0x30 httpd/libhttpd.a(uip.o)
                0x00000000bc05de4c                uip_len
                0x00000000bc05de50                uip_sappdata
                0x00000000bc05de54                uip_acc32
                0x00000000bc05de58                uip_flags
                0x00000000bc05de5c                uip_appdata
                0x00000000bc05de60                uip_conn
                0x00000000bc05de64                uip_arp_netmask
                0x00000000bc05de68                uip_listenports
                0x00000000bc05de6a                uip_surglen
                0x00000000bc05de6c                uip_urgdata
                0x00000000bc05de70                uip_hostaddr
                0x00000000bc05de74                uip_arp_draddr
                0x00000000bc05de78                uip_urglen
                0x00000000bc05de7a                uip_slen
 .scommon       0x00000000bc05de7c        0x4 httpd/libhttpd.a(httpd.o)
                0x00000000bc05de7c                hs

.pdr            0x0000000000000000     0x2760
 .pdr           0x0000000000000000       0xa0 cpu/ralink_soc/start.o
 .pdr           0x00000000000000a0      0x5c0 lib_mips/libmips.a(board.o)
 .pdr           0x0000000000000660       0x80 lib_mips/libmips.a(time.o)
                                        0x360 (size before relaxing)
 .pdr           0x00000000000006e0      0x320 net/libnet.a(net.o)
                                        0x600 (size before relaxing)
 .pdr           0x0000000000000a00       0x80 net/libnet.a(tftp.o)
                                        0x360 (size before relaxing)
 .pdr           0x0000000000000a80      0x100 net/libnet.a(eth.o)
                                        0x3e0 (size before relaxing)
 .pdr           0x0000000000000b80       0xc0 net/libnet.a(httpd.o)
                                        0x3a0 (size before relaxing)
 .pdr           0x0000000000000c40      0x220 drivers/libdrivers.a(rt2880_eth.o)
                                        0x500 (size before relaxing)
 .pdr           0x0000000000000e60       0xa0 drivers/libdrivers.a(mii_mgr.o)
                                        0x380 (size before relaxing)
 .pdr           0x0000000000000f00      0x280 drivers/libdrivers.a(spi_rt6855A_flash.o)
                                        0x560 (size before relaxing)
 .pdr           0x0000000000001180       0x40 common/libcommon.a(main.o)
                                        0x320 (size before relaxing)
 .pdr           0x00000000000011c0       0x20 common/libcommon.a(cmd_boot.o)
                                        0x300 (size before relaxing)
 .pdr           0x00000000000011e0       0x80 common/libcommon.a(cmd_bootm.o)
                                        0x360 (size before relaxing)
 .pdr           0x0000000000001260       0x20 common/libcommon.a(cmd_console.o)
                                        0x300 (size before relaxing)
 .pdr           0x0000000000001280      0x1c0 common/libcommon.a(cmd_load.o)
                                        0x4a0 (size before relaxing)
 .pdr           0x0000000000001440       0xa0 common/libcommon.a(cmd_net.o)
                                        0x380 (size before relaxing)
 .pdr           0x00000000000014e0      0x120 common/libcommon.a(cmd_mem.o)
                                        0x400 (size before relaxing)
 .pdr           0x0000000000001600       0xe0 common/libcommon.a(cmd_nvedit.o)
                                        0x3c0 (size before relaxing)
 .pdr           0x00000000000016e0       0x60 common/libcommon.a(command.o)
                                        0x340 (size before relaxing)
 .pdr           0x0000000000001740      0x280 common/libcommon.a(console.o)
                                        0x560 (size before relaxing)
 .pdr           0x00000000000019c0       0x60 common/libcommon.a(devices.o)
                                        0x340 (size before relaxing)
 .pdr           0x0000000000001a20      0x180 common/libcommon.a(dlmalloc.o)
                                        0x460 (size before relaxing)
 .pdr           0x0000000000001ba0       0xa0 common/libcommon.a(env_common.o)
                                        0x380 (size before relaxing)
 .pdr           0x0000000000001c40       0x60 common/libcommon.a(exports.o)
                                        0x340 (size before relaxing)
 .pdr           0x0000000000001ca0      0x140 common/libcommon.a(lists.o)
                                        0x420 (size before relaxing)
 .pdr           0x0000000000001de0       0xa0 common/libcommon.a(env_spi.o)
                                        0x380 (size before relaxing)
 .pdr           0x0000000000001e80        0x0 common/libcommon.a(environment.o)
 .pdr           0x0000000000001e80       0x20 lib_generic/libgeneric.a(crc32.o)
                                        0x300 (size before relaxing)
 .pdr           0x0000000000001ea0       0x40 lib_generic/libgeneric.a(display_options.o)
                                        0x320 (size before relaxing)
 .pdr           0x0000000000001ee0      0x120 lib_generic/libgeneric.a(string.o)
                                        0x1c0 (size before relaxing)
 .pdr           0x0000000000002000       0xc0 lib_generic/libgeneric.a(vsprintf.o)
                                        0x3a0 (size before relaxing)
 .pdr           0x00000000000020c0      0x160 lib_generic/libgeneric.a(LzmaDecode.o)
 .pdr           0x0000000000002220        0x0 lib_generic/libgeneric.a(ctype.o)
 .pdr           0x0000000000002220       0xc0 board/rt2880/librt2880.a(rt2880.o)
                                        0x3a0 (size before relaxing)
 .pdr           0x00000000000022e0       0xc0 board/rt2880/librt2880.a(serial.o)
                                        0x3a0 (size before relaxing)
 .pdr           0x00000000000023a0       0xc0 cpu/ralink_soc/libralink_soc.a(cpu.o)
                                        0x4c0 (size before relaxing)
 .pdr           0x0000000000002460       0x60 lib_mips/libmips.a(mips_linux.o)
                                        0x340 (size before relaxing)
 .pdr           0x00000000000024c0       0xa0 httpd/libhttpd.a(uip.o)
                                        0x380 (size before relaxing)
 .pdr           0x0000000000002560       0x80 httpd/libhttpd.a(uip_arch.o)
                                        0x360 (size before relaxing)
 .pdr           0x00000000000025e0       0xc0 httpd/libhttpd.a(uip_arp.o)
                                        0x3a0 (size before relaxing)
 .pdr           0x00000000000026a0       0xc0 httpd/libhttpd.a(httpd.o)
                                        0x3a0 (size before relaxing)
 .pdr           0x0000000000002760        0x0 httpd/libhttpd.a(fsdata.o)

.gnu.attributes
                0x0000000000000000       0x10
 .gnu.attributes
                0x0000000000000000       0x10 cpu/ralink_soc/start.o
 .gnu.attributes
                0x0000000000000010       0x10 lib_mips/libmips.a(board.o)
 .gnu.attributes
                0x0000000000000020       0x10 lib_mips/libmips.a(time.o)
 .gnu.attributes
                0x0000000000000030       0x10 net/libnet.a(net.o)
 .gnu.attributes
                0x0000000000000040       0x10 net/libnet.a(tftp.o)
 .gnu.attributes
                0x0000000000000050       0x10 net/libnet.a(eth.o)
 .gnu.attributes
                0x0000000000000060       0x10 net/libnet.a(httpd.o)
 .gnu.attributes
                0x0000000000000070       0x10 drivers/libdrivers.a(rt2880_eth.o)
 .gnu.attributes
                0x0000000000000080       0x10 drivers/libdrivers.a(mii_mgr.o)
 .gnu.attributes
                0x0000000000000090       0x10 drivers/libdrivers.a(spi_rt6855A_flash.o)
 .gnu.attributes
                0x00000000000000a0       0x10 common/libcommon.a(main.o)
 .gnu.attributes
                0x00000000000000b0       0x10 common/libcommon.a(cmd_boot.o)
 .gnu.attributes
                0x00000000000000c0       0x10 common/libcommon.a(cmd_bootm.o)
 .gnu.attributes
                0x00000000000000d0       0x10 common/libcommon.a(cmd_console.o)
 .gnu.attributes
                0x00000000000000e0       0x10 common/libcommon.a(cmd_load.o)
 .gnu.attributes
                0x00000000000000f0       0x10 common/libcommon.a(cmd_net.o)
 .gnu.attributes
                0x0000000000000100       0x10 common/libcommon.a(cmd_mem.o)
 .gnu.attributes
                0x0000000000000110       0x10 common/libcommon.a(cmd_nvedit.o)
 .gnu.attributes
                0x0000000000000120       0x10 common/libcommon.a(command.o)
 .gnu.attributes
                0x0000000000000130       0x10 common/libcommon.a(console.o)
 .gnu.attributes
                0x0000000000000140       0x10 common/libcommon.a(devices.o)
 .gnu.attributes
                0x0000000000000150       0x10 common/libcommon.a(dlmalloc.o)
 .gnu.attributes
                0x0000000000000160       0x10 common/libcommon.a(env_common.o)
 .gnu.attributes
                0x0000000000000170       0x10 common/libcommon.a(exports.o)
 .gnu.attributes
                0x0000000000000180       0x10 common/libcommon.a(lists.o)
 .gnu.attributes
                0x0000000000000190       0x10 common/libcommon.a(env_spi.o)
 .gnu.attributes
                0x00000000000001a0       0x10 common/libcommon.a(environment.o)
 .gnu.attributes
                0x00000000000001b0       0x10 lib_generic/libgeneric.a(crc32.o)
 .gnu.attributes
                0x00000000000001c0       0x10 lib_generic/libgeneric.a(display_options.o)
 .gnu.attributes
                0x00000000000001d0       0x10 lib_generic/libgeneric.a(string.o)
 .gnu.attributes
                0x00000000000001e0       0x10 lib_generic/libgeneric.a(vsprintf.o)
 .gnu.attributes
                0x00000000000001f0       0x10 lib_generic/libgeneric.a(LzmaDecode.o)
 .gnu.attributes
                0x0000000000000200       0x10 lib_generic/libgeneric.a(ctype.o)
 .gnu.attributes
                0x0000000000000210       0x10 board/rt2880/librt2880.a(rt2880.o)
 .gnu.attributes
                0x0000000000000220       0x10 board/rt2880/librt2880.a(serial.o)
 .gnu.attributes
                0x0000000000000230       0x10 cpu/ralink_soc/libralink_soc.a(cpu.o)
 .gnu.attributes
                0x0000000000000240       0x10 lib_mips/libmips.a(mips_linux.o)
 .gnu.attributes
                0x0000000000000250       0x10 httpd/libhttpd.a(uip.o)
 .gnu.attributes
                0x0000000000000260       0x10 httpd/libhttpd.a(uip_arch.o)
 .gnu.attributes
                0x0000000000000270       0x10 httpd/libhttpd.a(uip_arp.o)
 .gnu.attributes
                0x0000000000000280       0x10 httpd/libhttpd.a(httpd.o)
 .gnu.attributes
                0x0000000000000290       0x10 httpd/libhttpd.a(fsdata.o)

.mdebug.abi32   0x0000000000000000        0x0
 .mdebug.abi32  0x0000000000000000        0x0 lib_mips/libmips.a(board.o)
 .mdebug.abi32  0x0000000000000000        0x0 lib_mips/libmips.a(time.o)
 .mdebug.abi32  0x0000000000000000        0x0 net/libnet.a(net.o)
 .mdebug.abi32  0x0000000000000000        0x0 net/libnet.a(tftp.o)
 .mdebug.abi32  0x0000000000000000        0x0 net/libnet.a(eth.o)
 .mdebug.abi32  0x0000000000000000        0x0 net/libnet.a(httpd.o)
 .mdebug.abi32  0x0000000000000000        0x0 drivers/libdrivers.a(rt2880_eth.o)
 .mdebug.abi32  0x0000000000000000        0x0 drivers/libdrivers.a(mii_mgr.o)
 .mdebug.abi32  0x0000000000000000        0x0 drivers/libdrivers.a(spi_rt6855A_flash.o)
 .mdebug.abi32  0x0000000000000000        0x0 common/libcommon.a(main.o)
 .mdebug.abi32  0x0000000000000000        0x0 common/libcommon.a(cmd_boot.o)
 .mdebug.abi32  0x0000000000000000        0x0 common/libcommon.a(cmd_bootm.o)
 .mdebug.abi32  0x0000000000000000        0x0 common/libcommon.a(cmd_console.o)
 .mdebug.abi32  0x0000000000000000        0x0 common/libcommon.a(cmd_load.o)
 .mdebug.abi32  0x0000000000000000        0x0 common/libcommon.a(cmd_net.o)
 .mdebug.abi32  0x0000000000000000        0x0 common/libcommon.a(cmd_mem.o)
 .mdebug.abi32  0x0000000000000000        0x0 common/libcommon.a(cmd_nvedit.o)
 .mdebug.abi32  0x0000000000000000        0x0 common/libcommon.a(command.o)
 .mdebug.abi32  0x0000000000000000        0x0 common/libcommon.a(console.o)
 .mdebug.abi32  0x0000000000000000        0x0 common/libcommon.a(devices.o)
 .mdebug.abi32  0x0000000000000000        0x0 common/libcommon.a(dlmalloc.o)
 .mdebug.abi32  0x0000000000000000        0x0 common/libcommon.a(env_common.o)
 .mdebug.abi32  0x0000000000000000        0x0 common/libcommon.a(exports.o)
 .mdebug.abi32  0x0000000000000000        0x0 common/libcommon.a(lists.o)
 .mdebug.abi32  0x0000000000000000        0x0 common/libcommon.a(env_spi.o)
 .mdebug.abi32  0x0000000000000000        0x0 common/libcommon.a(environment.o)
 .mdebug.abi32  0x0000000000000000        0x0 lib_generic/libgeneric.a(crc32.o)
 .mdebug.abi32  0x0000000000000000        0x0 lib_generic/libgeneric.a(display_options.o)
 .mdebug.abi32  0x0000000000000000        0x0 lib_generic/libgeneric.a(string.o)
 .mdebug.abi32  0x0000000000000000        0x0 lib_generic/libgeneric.a(vsprintf.o)
 .mdebug.abi32  0x0000000000000000        0x0 lib_generic/libgeneric.a(LzmaDecode.o)
 .mdebug.abi32  0x0000000000000000        0x0 lib_generic/libgeneric.a(ctype.o)
 .mdebug.abi32  0x0000000000000000        0x0 board/rt2880/librt2880.a(rt2880.o)
 .mdebug.abi32  0x0000000000000000        0x0 board/rt2880/librt2880.a(serial.o)
 .mdebug.abi32  0x0000000000000000        0x0 cpu/ralink_soc/libralink_soc.a(cpu.o)
 .mdebug.abi32  0x0000000000000000        0x0 lib_mips/libmips.a(mips_linux.o)
 .mdebug.abi32  0x0000000000000000        0x0 httpd/libhttpd.a(uip.o)
 .mdebug.abi32  0x0000000000000000        0x0 httpd/libhttpd.a(uip_arch.o)
 .mdebug.abi32  0x0000000000000000        0x0 httpd/libhttpd.a(uip_arp.o)
 .mdebug.abi32  0x0000000000000000        0x0 httpd/libhttpd.a(httpd.o)
 .mdebug.abi32  0x0000000000000000        0x0 httpd/libhttpd.a(fsdata.o)

.comment        0x0000000000000000       0x25
 .comment       0x0000000000000000       0x25 lib_mips/libmips.a(board.o)
                                         0x26 (size before relaxing)
 .comment       0x0000000000000025       0x26 lib_mips/libmips.a(time.o)
 .comment       0x0000000000000025       0x26 net/libnet.a(net.o)
 .comment       0x0000000000000025       0x26 net/libnet.a(tftp.o)
 .comment       0x0000000000000025       0x26 net/libnet.a(eth.o)
 .comment       0x0000000000000025       0x26 net/libnet.a(httpd.o)
 .comment       0x0000000000000025       0x26 drivers/libdrivers.a(rt2880_eth.o)
 .comment       0x0000000000000025       0x26 drivers/libdrivers.a(mii_mgr.o)
 .comment       0x0000000000000025       0x26 drivers/libdrivers.a(spi_rt6855A_flash.o)
 .comment       0x0000000000000025       0x26 common/libcommon.a(main.o)
 .comment       0x0000000000000025       0x26 common/libcommon.a(cmd_boot.o)
 .comment       0x0000000000000025       0x26 common/libcommon.a(cmd_bootm.o)
 .comment       0x0000000000000025       0x26 common/libcommon.a(cmd_console.o)
 .comment       0x0000000000000025       0x26 common/libcommon.a(cmd_load.o)
 .comment       0x0000000000000025       0x26 common/libcommon.a(cmd_net.o)
 .comment       0x0000000000000025       0x26 common/libcommon.a(cmd_mem.o)
 .comment       0x0000000000000025       0x26 common/libcommon.a(cmd_nvedit.o)
 .comment       0x0000000000000025       0x26 common/libcommon.a(command.o)
 .comment       0x0000000000000025       0x26 common/libcommon.a(console.o)
 .comment       0x0000000000000025       0x26 common/libcommon.a(devices.o)
 .comment       0x0000000000000025       0x26 common/libcommon.a(dlmalloc.o)
 .comment       0x0000000000000025       0x26 common/libcommon.a(env_common.o)
 .comment       0x0000000000000025       0x26 common/libcommon.a(exports.o)
 .comment       0x0000000000000025       0x26 common/libcommon.a(lists.o)
 .comment       0x0000000000000025       0x26 common/libcommon.a(env_spi.o)
 .comment       0x0000000000000025       0x26 common/libcommon.a(environment.o)
 .comment       0x0000000000000025       0x26 lib_generic/libgeneric.a(crc32.o)
 .comment       0x0000000000000025       0x26 lib_generic/libgeneric.a(display_options.o)
 .comment       0x0000000000000025       0x26 lib_generic/libgeneric.a(string.o)
 .comment       0x0000000000000025       0x26 lib_generic/libgeneric.a(vsprintf.o)
 .comment       0x0000000000000025       0x26 lib_generic/libgeneric.a(LzmaDecode.o)
 .comment       0x0000000000000025       0x26 lib_generic/libgeneric.a(ctype.o)
 .comment       0x0000000000000025       0x26 board/rt2880/librt2880.a(rt2880.o)
 .comment       0x0000000000000025       0x26 board/rt2880/librt2880.a(serial.o)
 .comment       0x0000000000000025       0x26 cpu/ralink_soc/libralink_soc.a(cpu.o)
 .comment       0x0000000000000025       0x26 lib_mips/libmips.a(mips_linux.o)
 .comment       0x0000000000000025       0x26 httpd/libhttpd.a(uip.o)
 .comment       0x0000000000000025       0x26 httpd/libhttpd.a(uip_arch.o)
 .comment       0x0000000000000025       0x26 httpd/libhttpd.a(uip_arp.o)
 .comment       0x0000000000000025       0x26 httpd/libhttpd.a(httpd.o)
 .comment       0x0000000000000025       0x26 httpd/libhttpd.a(fsdata.o)

.note.GNU-stack
                0x0000000000000000        0x0
 .note.GNU-stack
                0x0000000000000000        0x0 lib_mips/libmips.a(board.o)
 .note.GNU-stack
                0x0000000000000000        0x0 lib_mips/libmips.a(time.o)
 .note.GNU-stack
                0x0000000000000000        0x0 net/libnet.a(net.o)
 .note.GNU-stack
                0x0000000000000000        0x0 net/libnet.a(tftp.o)
 .note.GNU-stack
                0x0000000000000000        0x0 net/libnet.a(eth.o)
 .note.GNU-stack
                0x0000000000000000        0x0 net/libnet.a(httpd.o)
 .note.GNU-stack
                0x0000000000000000        0x0 drivers/libdrivers.a(rt2880_eth.o)
 .note.GNU-stack
                0x0000000000000000        0x0 drivers/libdrivers.a(mii_mgr.o)
 .note.GNU-stack
                0x0000000000000000        0x0 drivers/libdrivers.a(spi_rt6855A_flash.o)
 .note.GNU-stack
                0x0000000000000000        0x0 common/libcommon.a(main.o)
 .note.GNU-stack
                0x0000000000000000        0x0 common/libcommon.a(cmd_boot.o)
 .note.GNU-stack
                0x0000000000000000        0x0 common/libcommon.a(cmd_bootm.o)
 .note.GNU-stack
                0x0000000000000000        0x0 common/libcommon.a(cmd_console.o)
 .note.GNU-stack
                0x0000000000000000        0x0 common/libcommon.a(cmd_load.o)
 .note.GNU-stack
                0x0000000000000000        0x0 common/libcommon.a(cmd_net.o)
 .note.GNU-stack
                0x0000000000000000        0x0 common/libcommon.a(cmd_mem.o)
 .note.GNU-stack
                0x0000000000000000        0x0 common/libcommon.a(cmd_nvedit.o)
 .note.GNU-stack
                0x0000000000000000        0x0 common/libcommon.a(command.o)
 .note.GNU-stack
                0x0000000000000000        0x0 common/libcommon.a(console.o)
 .note.GNU-stack
                0x0000000000000000        0x0 common/libcommon.a(devices.o)
 .note.GNU-stack
                0x0000000000000000        0x0 common/libcommon.a(dlmalloc.o)
 .note.GNU-stack
                0x0000000000000000        0x0 common/libcommon.a(env_common.o)
 .note.GNU-stack
                0x0000000000000000        0x0 common/libcommon.a(exports.o)
 .note.GNU-stack
                0x0000000000000000        0x0 common/libcommon.a(lists.o)
 .note.GNU-stack
                0x0000000000000000        0x0 common/libcommon.a(env_spi.o)
 .note.GNU-stack
                0x0000000000000000        0x0 common/libcommon.a(environment.o)
 .note.GNU-stack
                0x0000000000000000        0x0 lib_generic/libgeneric.a(crc32.o)
 .note.GNU-stack
                0x0000000000000000        0x0 lib_generic/libgeneric.a(display_options.o)
 .note.GNU-stack
                0x0000000000000000        0x0 lib_generic/libgeneric.a(string.o)
 .note.GNU-stack
                0x0000000000000000        0x0 lib_generic/libgeneric.a(vsprintf.o)
 .note.GNU-stack
                0x0000000000000000        0x0 lib_generic/libgeneric.a(LzmaDecode.o)
 .note.GNU-stack
                0x0000000000000000        0x0 lib_generic/libgeneric.a(ctype.o)
 .note.GNU-stack
                0x0000000000000000        0x0 board/rt2880/librt2880.a(rt2880.o)
 .note.GNU-stack
                0x0000000000000000        0x0 board/rt2880/librt2880.a(serial.o)
 .note.GNU-stack
                0x0000000000000000        0x0 cpu/ralink_soc/libralink_soc.a(cpu.o)
 .note.GNU-stack
                0x0000000000000000        0x0 lib_mips/libmips.a(mips_linux.o)
 .note.GNU-stack
                0x0000000000000000        0x0 httpd/libhttpd.a(uip.o)
 .note.GNU-stack
                0x0000000000000000        0x0 httpd/libhttpd.a(uip_arch.o)
 .note.GNU-stack
                0x0000000000000000        0x0 httpd/libhttpd.a(uip_arp.o)
 .note.GNU-stack
                0x0000000000000000        0x0 httpd/libhttpd.a(httpd.o)
 .note.GNU-stack
                0x0000000000000000        0x0 httpd/libhttpd.a(fsdata.o)

.stab           0x0000000000000000     0x2298
 .stab          0x0000000000000000     0x228c cpu/ralink_soc/start.o
 .stab          0x000000000000228c        0xc common/libcommon.a(environment.o)
                                         0x18 (size before relaxing)

.stabstr        0x0000000000000000       0xa4
 .stabstr       0x0000000000000000       0xa4 cpu/ralink_soc/start.o

.debug_info     0x0000000000000000    0x2aab5
 .debug_info    0x0000000000000000     0x2e2e lib_mips/libmips.a(board.o)
 .debug_info    0x0000000000002e2e      0xb6d lib_mips/libmips.a(time.o)
 .debug_info    0x000000000000399b     0x26a2 net/libnet.a(net.o)
 .debug_info    0x000000000000603d     0x126b net/libnet.a(tftp.o)
 .debug_info    0x00000000000072a8      0xf87 net/libnet.a(eth.o)
 .debug_info    0x000000000000822f     0x10f5 net/libnet.a(httpd.o)
 .debug_info    0x0000000000009324     0x20cc drivers/libdrivers.a(rt2880_eth.o)
 .debug_info    0x000000000000b3f0     0x1183 drivers/libdrivers.a(mii_mgr.o)
 .debug_info    0x000000000000c573     0x2933 drivers/libdrivers.a(spi_rt6855A_flash.o)
 .debug_info    0x000000000000eea6      0xf02 common/libcommon.a(main.o)
 .debug_info    0x000000000000fda8      0xbdc common/libcommon.a(cmd_boot.o)
 .debug_info    0x0000000000010984     0x12df common/libcommon.a(cmd_bootm.o)
 .debug_info    0x0000000000011c63      0xd0e common/libcommon.a(cmd_console.o)
 .debug_info    0x0000000000012971     0x1556 common/libcommon.a(cmd_load.o)
 .debug_info    0x0000000000013ec7     0x10f4 common/libcommon.a(cmd_net.o)
 .debug_info    0x0000000000014fbb     0x1667 common/libcommon.a(cmd_mem.o)
 .debug_info    0x0000000000016622     0x14e6 common/libcommon.a(cmd_nvedit.o)
 .debug_info    0x0000000000017b08      0xe21 common/libcommon.a(command.o)
 .debug_info    0x0000000000018929     0x14e2 common/libcommon.a(console.o)
 .debug_info    0x0000000000019e0b      0xe44 common/libcommon.a(devices.o)
 .debug_info    0x000000000001ac4f     0x17a1 common/libcommon.a(dlmalloc.o)
 .debug_info    0x000000000001c3f0      0xd35 common/libcommon.a(env_common.o)
 .debug_info    0x000000000001d125      0xbeb common/libcommon.a(exports.o)
 .debug_info    0x000000000001dd10      0xe4b common/libcommon.a(lists.o)
 .debug_info    0x000000000001eb5b      0xc7d common/libcommon.a(env_spi.o)
 .debug_info    0x000000000001f7d8       0x9d common/libcommon.a(environment.o)
 .debug_info    0x000000000001f875      0xb28 lib_generic/libgeneric.a(crc32.o)
 .debug_info    0x000000000002039d      0xade lib_generic/libgeneric.a(display_options.o)
 .debug_info    0x0000000000020e7b      0x5c3 lib_generic/libgeneric.a(string.o)
 .debug_info    0x000000000002143e      0xe7f lib_generic/libgeneric.a(vsprintf.o)
 .debug_info    0x00000000000222bd      0xb66 lib_generic/libgeneric.a(LzmaDecode.o)
 .debug_info    0x0000000000022e23       0x4e lib_generic/libgeneric.a(ctype.o)
 .debug_info    0x0000000000022e71      0xd85 board/rt2880/librt2880.a(rt2880.o)
 .debug_info    0x0000000000023bf6      0xaad board/rt2880/librt2880.a(serial.o)
 .debug_info    0x00000000000246a3     0x1055 cpu/ralink_soc/libralink_soc.a(cpu.o)
 .debug_info    0x00000000000256f8     0x13b5 lib_mips/libmips.a(mips_linux.o)
 .debug_info    0x0000000000026aad     0x1172 httpd/libhttpd.a(uip.o)
 .debug_info    0x0000000000027c1f      0xcf5 httpd/libhttpd.a(uip_arch.o)
 .debug_info    0x0000000000028914      0xf25 httpd/libhttpd.a(uip_arp.o)
 .debug_info    0x0000000000029839     0x1213 httpd/libhttpd.a(httpd.o)
 .debug_info    0x000000000002aa4c       0x69 httpd/libhttpd.a(fsdata.o)

.debug_abbrev   0x0000000000000000     0x8b95
 .debug_abbrev  0x0000000000000000      0x56f lib_mips/libmips.a(board.o)
 .debug_abbrev  0x000000000000056f      0x32b lib_mips/libmips.a(time.o)
 .debug_abbrev  0x000000000000089a      0x57c net/libnet.a(net.o)
 .debug_abbrev  0x0000000000000e16      0x410 net/libnet.a(tftp.o)
 .debug_abbrev  0x0000000000001226      0x37e net/libnet.a(eth.o)
 .debug_abbrev  0x00000000000015a4      0x3c3 net/libnet.a(httpd.o)
 .debug_abbrev  0x0000000000001967      0x49f drivers/libdrivers.a(rt2880_eth.o)
 .debug_abbrev  0x0000000000001e06      0x350 drivers/libdrivers.a(mii_mgr.o)
 .debug_abbrev  0x0000000000002156      0x4cd drivers/libdrivers.a(spi_rt6855A_flash.o)
 .debug_abbrev  0x0000000000002623      0x3c3 common/libcommon.a(main.o)
 .debug_abbrev  0x00000000000029e6      0x337 common/libcommon.a(cmd_boot.o)
 .debug_abbrev  0x0000000000002d1d      0x3f8 common/libcommon.a(cmd_bootm.o)
 .debug_abbrev  0x0000000000003115      0x354 common/libcommon.a(cmd_console.o)
 .debug_abbrev  0x0000000000003469      0x42a common/libcommon.a(cmd_load.o)
 .debug_abbrev  0x0000000000003893      0x3c5 common/libcommon.a(cmd_net.o)
 .debug_abbrev  0x0000000000003c58      0x3ca common/libcommon.a(cmd_mem.o)
 .debug_abbrev  0x0000000000004022      0x407 common/libcommon.a(cmd_nvedit.o)
 .debug_abbrev  0x0000000000004429      0x3b2 common/libcommon.a(command.o)
 .debug_abbrev  0x00000000000047db      0x49d common/libcommon.a(console.o)
 .debug_abbrev  0x0000000000004c78      0x379 common/libcommon.a(devices.o)
 .debug_abbrev  0x0000000000004ff1      0x3d8 common/libcommon.a(dlmalloc.o)
 .debug_abbrev  0x00000000000053c9      0x381 common/libcommon.a(env_common.o)
 .debug_abbrev  0x000000000000574a      0x343 common/libcommon.a(exports.o)
 .debug_abbrev  0x0000000000005a8d      0x39a common/libcommon.a(lists.o)
 .debug_abbrev  0x0000000000005e27      0x316 common/libcommon.a(env_spi.o)
 .debug_abbrev  0x000000000000613d       0x78 common/libcommon.a(environment.o)
 .debug_abbrev  0x00000000000061b5      0x2d6 lib_generic/libgeneric.a(crc32.o)
 .debug_abbrev  0x000000000000648b      0x2e3 lib_generic/libgeneric.a(display_options.o)
 .debug_abbrev  0x000000000000676e      0x1b8 lib_generic/libgeneric.a(string.o)
 .debug_abbrev  0x0000000000006926      0x3a0 lib_generic/libgeneric.a(vsprintf.o)
 .debug_abbrev  0x0000000000006cc6      0x239 lib_generic/libgeneric.a(LzmaDecode.o)
 .debug_abbrev  0x0000000000006eff       0x3e lib_generic/libgeneric.a(ctype.o)
 .debug_abbrev  0x0000000000006f3d      0x2da board/rt2880/librt2880.a(rt2880.o)
 .debug_abbrev  0x0000000000007217      0x2e9 board/rt2880/librt2880.a(serial.o)
 .debug_abbrev  0x0000000000007500      0x37e cpu/ralink_soc/libralink_soc.a(cpu.o)
 .debug_abbrev  0x000000000000787e      0x3dc lib_mips/libmips.a(mips_linux.o)
 .debug_abbrev  0x0000000000007c5a      0x383 httpd/libhttpd.a(uip.o)
 .debug_abbrev  0x0000000000007fdd      0x37c httpd/libhttpd.a(uip_arch.o)
 .debug_abbrev  0x0000000000008359      0x393 httpd/libhttpd.a(uip_arp.o)
 .debug_abbrev  0x00000000000086ec      0x45a httpd/libhttpd.a(httpd.o)
 .debug_abbrev  0x0000000000008b46       0x4f httpd/libhttpd.a(fsdata.o)

.debug_loc      0x0000000000000000    0x21bc8
 .debug_loc     0x0000000000000000     0x23d2 lib_mips/libmips.a(board.o)
 .debug_loc     0x00000000000023d2      0x8a1 lib_mips/libmips.a(time.o)
 .debug_loc     0x0000000000002c73     0x1822 net/libnet.a(net.o)
 .debug_loc     0x0000000000004495      0xda3 net/libnet.a(tftp.o)
 .debug_loc     0x0000000000005238      0xaab net/libnet.a(eth.o)
 .debug_loc     0x0000000000005ce3      0xb16 net/libnet.a(httpd.o)
 .debug_loc     0x00000000000067f9     0x13e6 drivers/libdrivers.a(rt2880_eth.o)
 .debug_loc     0x0000000000007bdf      0xe47 drivers/libdrivers.a(mii_mgr.o)
 .debug_loc     0x0000000000008a26     0x1e6b drivers/libdrivers.a(spi_rt6855A_flash.o)
 .debug_loc     0x000000000000a891      0xebd common/libcommon.a(main.o)
 .debug_loc     0x000000000000b74e      0x9a1 common/libcommon.a(cmd_boot.o)
 .debug_loc     0x000000000000c0ef      0xd4f common/libcommon.a(cmd_bootm.o)
 .debug_loc     0x000000000000ce3e      0x89f common/libcommon.a(cmd_console.o)
 .debug_loc     0x000000000000d6dd     0x1113 common/libcommon.a(cmd_load.o)
 .debug_loc     0x000000000000e7f0      0xb26 common/libcommon.a(cmd_net.o)
 .debug_loc     0x000000000000f316     0x185e common/libcommon.a(cmd_mem.o)
 .debug_loc     0x0000000000010b74     0x11b4 common/libcommon.a(cmd_nvedit.o)
 .debug_loc     0x0000000000011d28      0xc43 common/libcommon.a(command.o)
 .debug_loc     0x000000000001296b      0xe5f common/libcommon.a(console.o)
 .debug_loc     0x00000000000137ca      0x8b9 common/libcommon.a(devices.o)
 .debug_loc     0x0000000000014083     0x2446 common/libcommon.a(dlmalloc.o)
 .debug_loc     0x00000000000164c9      0x870 common/libcommon.a(env_common.o)
 .debug_loc     0x0000000000016d39      0x7fd common/libcommon.a(exports.o)
 .debug_loc     0x0000000000017536      0xcdb common/libcommon.a(lists.o)
 .debug_loc     0x0000000000018211      0x7de common/libcommon.a(env_spi.o)
 .debug_loc     0x00000000000189ef      0x9d7 lib_generic/libgeneric.a(crc32.o)
 .debug_loc     0x00000000000193c6      0x923 lib_generic/libgeneric.a(display_options.o)
 .debug_loc     0x0000000000019ce9      0x67d lib_generic/libgeneric.a(string.o)
 .debug_loc     0x000000000001a366     0x1261 lib_generic/libgeneric.a(vsprintf.o)
 .debug_loc     0x000000000001b5c7     0x12ff lib_generic/libgeneric.a(LzmaDecode.o)
 .debug_loc     0x000000000001c8c6      0xbc0 board/rt2880/librt2880.a(rt2880.o)
 .debug_loc     0x000000000001d486      0x874 board/rt2880/librt2880.a(serial.o)
 .debug_loc     0x000000000001dcfa      0xaa5 cpu/ralink_soc/libralink_soc.a(cpu.o)
 .debug_loc     0x000000000001e79f      0xc63 lib_mips/libmips.a(mips_linux.o)
 .debug_loc     0x000000000001f402      0x904 httpd/libhttpd.a(uip.o)
 .debug_loc     0x000000000001fd06      0x9e0 httpd/libhttpd.a(uip_arch.o)
 .debug_loc     0x00000000000206e6      0x9f1 httpd/libhttpd.a(uip_arp.o)
 .debug_loc     0x00000000000210d7      0xaf1 httpd/libhttpd.a(httpd.o)

.debug_aranges  0x0000000000000000      0x510
 .debug_aranges
                0x0000000000000000       0x20 lib_mips/libmips.a(board.o)
 .debug_aranges
                0x0000000000000020       0x20 lib_mips/libmips.a(time.o)
 .debug_aranges
                0x0000000000000040       0x20 net/libnet.a(net.o)
 .debug_aranges
                0x0000000000000060       0x20 net/libnet.a(tftp.o)
 .debug_aranges
                0x0000000000000080       0x20 net/libnet.a(eth.o)
 .debug_aranges
                0x00000000000000a0       0x20 net/libnet.a(httpd.o)
 .debug_aranges
                0x00000000000000c0       0x20 drivers/libdrivers.a(rt2880_eth.o)
 .debug_aranges
                0x00000000000000e0       0x20 drivers/libdrivers.a(mii_mgr.o)
 .debug_aranges
                0x0000000000000100       0x20 drivers/libdrivers.a(spi_rt6855A_flash.o)
 .debug_aranges
                0x0000000000000120       0x20 common/libcommon.a(main.o)
 .debug_aranges
                0x0000000000000140       0x20 common/libcommon.a(cmd_boot.o)
 .debug_aranges
                0x0000000000000160       0x20 common/libcommon.a(cmd_bootm.o)
 .debug_aranges
                0x0000000000000180       0x20 common/libcommon.a(cmd_console.o)
 .debug_aranges
                0x00000000000001a0       0x20 common/libcommon.a(cmd_load.o)
 .debug_aranges
                0x00000000000001c0       0x20 common/libcommon.a(cmd_net.o)
 .debug_aranges
                0x00000000000001e0       0x20 common/libcommon.a(cmd_mem.o)
 .debug_aranges
                0x0000000000000200       0x20 common/libcommon.a(cmd_nvedit.o)
 .debug_aranges
                0x0000000000000220       0x20 common/libcommon.a(command.o)
 .debug_aranges
                0x0000000000000240       0x20 common/libcommon.a(console.o)
 .debug_aranges
                0x0000000000000260       0x20 common/libcommon.a(devices.o)
 .debug_aranges
                0x0000000000000280       0x20 common/libcommon.a(dlmalloc.o)
 .debug_aranges
                0x00000000000002a0       0x20 common/libcommon.a(env_common.o)
 .debug_aranges
                0x00000000000002c0       0x20 common/libcommon.a(exports.o)
 .debug_aranges
                0x00000000000002e0       0x20 common/libcommon.a(lists.o)
 .debug_aranges
                0x0000000000000300       0x20 common/libcommon.a(env_spi.o)
 .debug_aranges
                0x0000000000000320       0x18 common/libcommon.a(environment.o)
 .debug_aranges
                0x0000000000000338       0x20 lib_generic/libgeneric.a(crc32.o)
 .debug_aranges
                0x0000000000000358       0x20 lib_generic/libgeneric.a(display_options.o)
 .debug_aranges
                0x0000000000000378       0x20 lib_generic/libgeneric.a(string.o)
 .debug_aranges
                0x0000000000000398       0x20 lib_generic/libgeneric.a(vsprintf.o)
 .debug_aranges
                0x00000000000003b8       0x20 lib_generic/libgeneric.a(LzmaDecode.o)
 .debug_aranges
                0x00000000000003d8       0x18 lib_generic/libgeneric.a(ctype.o)
 .debug_aranges
                0x00000000000003f0       0x20 board/rt2880/librt2880.a(rt2880.o)
 .debug_aranges
                0x0000000000000410       0x20 board/rt2880/librt2880.a(serial.o)
 .debug_aranges
                0x0000000000000430       0x20 cpu/ralink_soc/libralink_soc.a(cpu.o)
 .debug_aranges
                0x0000000000000450       0x20 lib_mips/libmips.a(mips_linux.o)
 .debug_aranges
                0x0000000000000470       0x28 httpd/libhttpd.a(uip.o)
 .debug_aranges
                0x0000000000000498       0x20 httpd/libhttpd.a(uip_arch.o)
 .debug_aranges
                0x00000000000004b8       0x20 httpd/libhttpd.a(uip_arp.o)
 .debug_aranges
                0x00000000000004d8       0x20 httpd/libhttpd.a(httpd.o)
 .debug_aranges
                0x00000000000004f8       0x18 httpd/libhttpd.a(fsdata.o)

.debug_ranges   0x0000000000000000     0x1048
 .debug_ranges  0x0000000000000000      0x348 lib_mips/libmips.a(board.o)
 .debug_ranges  0x0000000000000348      0x110 net/libnet.a(net.o)
 .debug_ranges  0x0000000000000458       0x40 net/libnet.a(tftp.o)
 .debug_ranges  0x0000000000000498       0x20 net/libnet.a(eth.o)
 .debug_ranges  0x00000000000004b8       0x18 net/libnet.a(httpd.o)
 .debug_ranges  0x00000000000004d0       0x80 drivers/libdrivers.a(rt2880_eth.o)
 .debug_ranges  0x0000000000000550      0x2c0 drivers/libdrivers.a(spi_rt6855A_flash.o)
 .debug_ranges  0x0000000000000810       0xb8 common/libcommon.a(main.o)
 .debug_ranges  0x00000000000008c8      0x128 common/libcommon.a(cmd_bootm.o)
 .debug_ranges  0x00000000000009f0       0x28 common/libcommon.a(cmd_console.o)
 .debug_ranges  0x0000000000000a18       0xb0 common/libcommon.a(cmd_load.o)
 .debug_ranges  0x0000000000000ac8       0x98 common/libcommon.a(cmd_mem.o)
 .debug_ranges  0x0000000000000b60       0x98 common/libcommon.a(cmd_nvedit.o)
 .debug_ranges  0x0000000000000bf8       0x38 common/libcommon.a(command.o)
 .debug_ranges  0x0000000000000c30       0x28 common/libcommon.a(console.o)
 .debug_ranges  0x0000000000000c58       0x18 common/libcommon.a(devices.o)
 .debug_ranges  0x0000000000000c70      0x1a8 common/libcommon.a(dlmalloc.o)
 .debug_ranges  0x0000000000000e18       0x18 common/libcommon.a(lists.o)
 .debug_ranges  0x0000000000000e30       0x18 lib_generic/libgeneric.a(crc32.o)
 .debug_ranges  0x0000000000000e48       0x18 lib_generic/libgeneric.a(vsprintf.o)
 .debug_ranges  0x0000000000000e60      0x118 lib_generic/libgeneric.a(LzmaDecode.o)
 .debug_ranges  0x0000000000000f78       0x68 lib_mips/libmips.a(mips_linux.o)
 .debug_ranges  0x0000000000000fe0       0x18 httpd/libhttpd.a(uip.o)
 .debug_ranges  0x0000000000000ff8       0x50 httpd/libhttpd.a(httpd.o)

.debug_line     0x0000000000000000     0x8b10
 .debug_line    0x0000000000000000      0xa3d lib_mips/libmips.a(board.o)
 .debug_line    0x0000000000000a3d      0x201 lib_mips/libmips.a(time.o)
 .debug_line    0x0000000000000c3e      0x80f net/libnet.a(net.o)
 .debug_line    0x000000000000144d      0x389 net/libnet.a(tftp.o)
 .debug_line    0x00000000000017d6      0x2d8 net/libnet.a(eth.o)
 .debug_line    0x0000000000001aae      0x305 net/libnet.a(httpd.o)
 .debug_line    0x0000000000001db3      0x5db drivers/libdrivers.a(rt2880_eth.o)
 .debug_line    0x000000000000238e      0x38c drivers/libdrivers.a(mii_mgr.o)
 .debug_line    0x000000000000271a      0x75e drivers/libdrivers.a(spi_rt6855A_flash.o)
 .debug_line    0x0000000000002e78      0x38f common/libcommon.a(main.o)
 .debug_line    0x0000000000003207      0x21e common/libcommon.a(cmd_boot.o)
 .debug_line    0x0000000000003425      0x35d common/libcommon.a(cmd_bootm.o)
 .debug_line    0x0000000000003782      0x269 common/libcommon.a(cmd_console.o)
 .debug_line    0x00000000000039eb      0x435 common/libcommon.a(cmd_load.o)
 .debug_line    0x0000000000003e20      0x2a4 common/libcommon.a(cmd_net.o)
 .debug_line    0x00000000000040c4      0x41d common/libcommon.a(cmd_mem.o)
 .debug_line    0x00000000000044e1      0x4b3 common/libcommon.a(cmd_nvedit.o)
 .debug_line    0x0000000000004994      0x2c3 common/libcommon.a(command.o)
 .debug_line    0x0000000000004c57      0x3f5 common/libcommon.a(console.o)
 .debug_line    0x000000000000504c      0x27e common/libcommon.a(devices.o)
 .debug_line    0x00000000000052ca      0x67d common/libcommon.a(dlmalloc.o)
 .debug_line    0x0000000000005947      0x286 common/libcommon.a(env_common.o)
 .debug_line    0x0000000000005bcd      0x245 common/libcommon.a(exports.o)
 .debug_line    0x0000000000005e12      0x2b1 common/libcommon.a(lists.o)
 .debug_line    0x00000000000060c3      0x241 common/libcommon.a(env_spi.o)
 .debug_line    0x0000000000006304       0x68 common/libcommon.a(environment.o)
 .debug_line    0x000000000000636c      0x22b lib_generic/libgeneric.a(crc32.o)
 .debug_line    0x0000000000006597      0x1ff lib_generic/libgeneric.a(display_options.o)
 .debug_line    0x0000000000006796      0x16f lib_generic/libgeneric.a(string.o)
 .debug_line    0x0000000000006905      0x3a9 lib_generic/libgeneric.a(vsprintf.o)
 .debug_line    0x0000000000006cae      0x2c5 lib_generic/libgeneric.a(LzmaDecode.o)
 .debug_line    0x0000000000006f73       0x28 lib_generic/libgeneric.a(ctype.o)
 .debug_line    0x0000000000006f9b      0x2fa board/rt2880/librt2880.a(rt2880.o)
 .debug_line    0x0000000000007295      0x20e board/rt2880/librt2880.a(serial.o)
 .debug_line    0x00000000000074a3      0x2d8 cpu/ralink_soc/libralink_soc.a(cpu.o)
 .debug_line    0x000000000000777b      0x3d7 lib_mips/libmips.a(mips_linux.o)
 .debug_line    0x0000000000007b52      0x514 httpd/libhttpd.a(uip.o)
 .debug_line    0x0000000000008066      0x2a5 httpd/libhttpd.a(uip_arch.o)
 .debug_line    0x000000000000830b      0x390 httpd/libhttpd.a(uip_arp.o)
 .debug_line    0x000000000000869b      0x44c httpd/libhttpd.a(httpd.o)
 .debug_line    0x0000000000008ae7       0x29 httpd/libhttpd.a(fsdata.o)

.debug_str      0x0000000000000000     0x3a82
 .debug_str     0x0000000000000000      0xaae lib_mips/libmips.a(board.o)
                                        0xc4b (size before relaxing)
 .debug_str     0x0000000000000aae       0x52 lib_mips/libmips.a(time.o)
                                        0x36e (size before relaxing)
 .debug_str     0x0000000000000b00      0x6a4 net/libnet.a(net.o)
                                        0xa9e (size before relaxing)
 .debug_str     0x00000000000011a4      0x100 net/libnet.a(tftp.o)
                                        0x4cd (size before relaxing)
 .debug_str     0x00000000000012a4      0x103 net/libnet.a(eth.o)
                                        0x4ec (size before relaxing)
 .debug_str     0x00000000000013a7      0x27b net/libnet.a(httpd.o)
                                        0x5ae (size before relaxing)
 .debug_str     0x0000000000001622      0x52c drivers/libdrivers.a(rt2880_eth.o)
                                        0x9a8 (size before relaxing)
 .debug_str     0x0000000000001b4e       0xa9 drivers/libdrivers.a(mii_mgr.o)
                                        0x404 (size before relaxing)
 .debug_str     0x0000000000001bf7      0x2c7 drivers/libdrivers.a(spi_rt6855A_flash.o)
                                        0x6a3 (size before relaxing)
 .debug_str     0x0000000000001ebe      0x129 common/libcommon.a(main.o)
                                        0x458 (size before relaxing)
 .debug_str     0x0000000000001fe7       0x21 common/libcommon.a(cmd_boot.o)
                                        0x35e (size before relaxing)
 .debug_str     0x0000000000002008      0x10b common/libcommon.a(cmd_bootm.o)
                                        0x5d1 (size before relaxing)
 .debug_str     0x0000000000002113       0xc0 common/libcommon.a(cmd_console.o)
                                        0x40f (size before relaxing)
 .debug_str     0x00000000000021d3      0x24b common/libcommon.a(cmd_load.o)
                                        0x6c6 (size before relaxing)
 .debug_str     0x000000000000241e       0xad common/libcommon.a(cmd_net.o)
                                        0x4a7 (size before relaxing)
 .debug_str     0x00000000000024cb      0x1a7 common/libcommon.a(cmd_mem.o)
                                        0x512 (size before relaxing)
 .debug_str     0x0000000000002672       0xbb common/libcommon.a(cmd_nvedit.o)
                                        0x524 (size before relaxing)
 .debug_str     0x000000000000272d       0x95 common/libcommon.a(command.o)
                                        0x3ff (size before relaxing)
 .debug_str     0x00000000000027c2      0x195 common/libcommon.a(console.o)
                                        0x665 (size before relaxing)
 .debug_str     0x0000000000002957       0x56 common/libcommon.a(devices.o)
                                        0x4d8 (size before relaxing)
 .debug_str     0x00000000000029ad      0x2e4 common/libcommon.a(dlmalloc.o)
                                        0x70e (size before relaxing)
 .debug_str     0x0000000000002c91       0x8c common/libcommon.a(env_common.o)
                                        0x471 (size before relaxing)
 .debug_str     0x0000000000002d1d       0x19 common/libcommon.a(exports.o)
                                        0x483 (size before relaxing)
 .debug_str     0x0000000000002d36      0x150 common/libcommon.a(lists.o)
                                        0x4a8 (size before relaxing)
 .debug_str     0x0000000000002e86       0x3b common/libcommon.a(env_spi.o)
                                        0x46e (size before relaxing)
 .debug_str     0x0000000000002ec1       0xb5 common/libcommon.a(environment.o)
                                        0x12b (size before relaxing)
 .debug_str     0x0000000000002f76       0x71 lib_generic/libgeneric.a(crc32.o)
                                        0x349 (size before relaxing)
 .debug_str     0x0000000000002fe7       0x2d lib_generic/libgeneric.a(display_options.o)
                                        0x32c (size before relaxing)
 .debug_str     0x0000000000003014       0x4e lib_generic/libgeneric.a(string.o)
                                        0x22d (size before relaxing)
 .debug_str     0x0000000000003062       0x80 lib_generic/libgeneric.a(vsprintf.o)
                                        0x3c8 (size before relaxing)
 .debug_str     0x00000000000030e2      0x28a lib_generic/libgeneric.a(LzmaDecode.o)
                                        0x409 (size before relaxing)
 .debug_str     0x000000000000336c        0x8 lib_generic/libgeneric.a(ctype.o)
                                         0xdc (size before relaxing)
 .debug_str     0x0000000000003374       0x91 board/rt2880/librt2880.a(rt2880.o)
                                        0x393 (size before relaxing)
 .debug_str     0x0000000000003405       0x61 board/rt2880/librt2880.a(serial.o)
                                        0x352 (size before relaxing)
 .debug_str     0x0000000000003466       0xac cpu/ralink_soc/libralink_soc.a(cpu.o)
                                        0x49d (size before relaxing)
 .debug_str     0x0000000000003512       0xc7 lib_mips/libmips.a(mips_linux.o)
                                        0x5bf (size before relaxing)
 .debug_str     0x00000000000035d9      0x1ff httpd/libhttpd.a(uip.o)
                                        0x5aa (size before relaxing)
 .debug_str     0x00000000000037d8       0x50 httpd/libhttpd.a(uip_arch.o)
                                        0x3f2 (size before relaxing)
 .debug_str     0x0000000000003828       0xdf httpd/libhttpd.a(uip_arp.o)
                                        0x4a1 (size before relaxing)
 .debug_str     0x0000000000003907      0x172 httpd/libhttpd.a(httpd.o)
                                        0x5a4 (size before relaxing)
 .debug_str     0x0000000000003a79        0x9 httpd/libhttpd.a(fsdata.o)
                                         0xfb (size before relaxing)

.debug_frame    0x0000000000000000     0x5d7c
 .debug_frame   0x0000000000000000      0x3e4 lib_mips/libmips.a(board.o)
 .debug_frame   0x00000000000003e4      0x1f8 lib_mips/libmips.a(time.o)
 .debug_frame   0x00000000000005dc      0x4b8 net/libnet.a(net.o)
 .debug_frame   0x0000000000000a94      0x238 net/libnet.a(tftp.o)
 .debug_frame   0x0000000000000ccc      0x27c net/libnet.a(eth.o)
 .debug_frame   0x0000000000000f48      0x25c net/libnet.a(httpd.o)
 .debug_frame   0x00000000000011a4      0x3e8 drivers/libdrivers.a(rt2880_eth.o)
 .debug_frame   0x000000000000158c      0x254 drivers/libdrivers.a(mii_mgr.o)
 .debug_frame   0x00000000000017e0      0x4c4 drivers/libdrivers.a(spi_rt6855A_flash.o)
 .debug_frame   0x0000000000001ca4      0x1f0 common/libcommon.a(main.o)
 .debug_frame   0x0000000000001e94      0x1bc common/libcommon.a(cmd_boot.o)
 .debug_frame   0x0000000000002050      0x228 common/libcommon.a(cmd_bootm.o)
 .debug_frame   0x0000000000002278      0x1d0 common/libcommon.a(cmd_console.o)
 .debug_frame   0x0000000000002448      0x32c common/libcommon.a(cmd_load.o)
 .debug_frame   0x0000000000002774      0x204 common/libcommon.a(cmd_net.o)
 .debug_frame   0x0000000000002978      0x31c common/libcommon.a(cmd_mem.o)
 .debug_frame   0x0000000000002c94      0x2d0 common/libcommon.a(cmd_nvedit.o)
 .debug_frame   0x0000000000002f64      0x220 common/libcommon.a(command.o)
 .debug_frame   0x0000000000003184      0x388 common/libcommon.a(console.o)
 .debug_frame   0x000000000000350c      0x1f0 common/libcommon.a(devices.o)
 .debug_frame   0x00000000000036fc      0x310 common/libcommon.a(dlmalloc.o)
 .debug_frame   0x0000000000003a0c      0x20c common/libcommon.a(env_common.o)
 .debug_frame   0x0000000000003c18      0x1d8 common/libcommon.a(exports.o)
 .debug_frame   0x0000000000003df0      0x2a8 common/libcommon.a(lists.o)
 .debug_frame   0x0000000000004098      0x1e8 common/libcommon.a(env_spi.o)
 .debug_frame   0x0000000000004280      0x1a8 lib_generic/libgeneric.a(crc32.o)
 .debug_frame   0x0000000000004428      0x1dc lib_generic/libgeneric.a(display_options.o)
 .debug_frame   0x0000000000004604      0x124 lib_generic/libgeneric.a(string.o)
 .debug_frame   0x0000000000004728      0x254 lib_generic/libgeneric.a(vsprintf.o)
 .debug_frame   0x000000000000497c      0x1ec lib_generic/libgeneric.a(LzmaDecode.o)
 .debug_frame   0x0000000000004b68      0x230 board/rt2880/librt2880.a(rt2880.o)
 .debug_frame   0x0000000000004d98      0x214 board/rt2880/librt2880.a(serial.o)
 .debug_frame   0x0000000000004fac      0x2ac cpu/ralink_soc/libralink_soc.a(cpu.o)
 .debug_frame   0x0000000000005258      0x20c lib_mips/libmips.a(mips_linux.o)
 .debug_frame   0x0000000000005464      0x21c httpd/libhttpd.a(uip.o)
 .debug_frame   0x0000000000005680      0x1ec httpd/libhttpd.a(uip_arch.o)
 .debug_frame   0x000000000000586c      0x278 httpd/libhttpd.a(uip_arp.o)
 .debug_frame   0x0000000000005ae4      0x298 httpd/libhttpd.a(httpd.o)